../Core/Src/main.c:81:6:setMotorSpeed	16	static
../Core/Src/main.c:99:6:ini_acelerometro	32	static
../Core/Src/main.c:112:9:readAccel	40	static
../Core/Src/main.c:119:6:setServoPos	24	static
../Core/Src/main.c:132:5:main	16	static
../Core/Src/main.c:205:6:SystemClock_Config	96	static
../Core/Src/main.c:266:13:MX_DFSDM1_Init	8	static
../Core/Src/main.c:304:13:MX_I2C2_Init	8	static
../Core/Src/main.c:352:13:MX_QUADSPI_Init	8	static
../Core/Src/main.c:385:13:MX_SPI3_Init	8	static
../Core/Src/main.c:425:13:MX_TIM2_Init	48	static
../Core/Src/main.c:478:13:MX_TIM3_Init	48	static
../Core/Src/main.c:527:13:MX_USART1_UART_Init	8	static
../Core/Src/main.c:562:13:MX_USART3_UART_Init	8	static
../Core/Src/main.c:597:13:MX_USB_OTG_FS_PCD_Init	8	static
../Core/Src/main.c:632:13:MX_GPIO_Init	48	static
../Core/Src/main.c:812:6:Error_Handler	4	static,ignoring_inline_asm
