../Core/Src/stm32l4xx_hal_msp.c:66:6:HAL_MspInit	16	static
../Core/Src/stm32l4xx_hal_msp.c:89:6:HAL_DFSDM_ChannelMspInit	184	static
../Core/Src/stm32l4xx_hal_msp.c:137:6:HAL_DFSDM_ChannelMspDeInit	16	static
../Core/Src/stm32l4xx_hal_msp.c:167:6:HAL_I2C_MspInit	184	static
../Core/Src/stm32l4xx_hal_msp.c:213:6:HAL_I2C_MspDeInit	16	static
../Core/Src/stm32l4xx_hal_msp.c:244:6:HAL_QSPI_MspInit	48	static
../Core/Src/stm32l4xx_hal_msp.c:285:6:HAL_QSPI_MspDeInit	16	static
../Core/Src/stm32l4xx_hal_msp.c:319:6:HAL_SPI_MspInit	48	static
../Core/Src/stm32l4xx_hal_msp.c:356:6:HAL_SPI_MspDeInit	16	static
../Core/Src/stm32l4xx_hal_msp.c:386:6:HAL_TIM_PWM_MspInit	48	static
../Core/Src/stm32l4xx_hal_msp.c:426:6:HAL_TIM_MspPostInit	48	static
../Core/Src/stm32l4xx_hal_msp.c:479:6:HAL_TIM_PWM_MspDeInit	16	static
../Core/Src/stm32l4xx_hal_msp.c:520:6:HAL_UART_MspInit	192	static
../Core/Src/stm32l4xx_hal_msp.c:601:6:HAL_UART_MspDeInit	16	static
../Core/Src/stm32l4xx_hal_msp.c:648:6:HAL_PCD_MspInit	184	static
../Core/Src/stm32l4xx_hal_msp.c:720:6:HAL_PCD_MspDeInit	24	static
