Archive member included to satisfy reference by file (symbol)

C:/ST/STM32CubeIDE_1.13.0/STM32CubeIDE/plugins/com.st.stm32cube.ide.mcu.externaltools.gnu-tools-for-stm32.11.3.rel1.win32_1.1.0.202305231506/tools/bin/../lib/gcc/arm-none-eabi/11.3.1/../../../../arm-none-eabi/lib/thumb/v7e-m+fp/hard\libc_nano.a(libc_a-exit.o)
                              C:/ST/STM32CubeIDE_1.13.0/STM32CubeIDE/plugins/com.st.stm32cube.ide.mcu.externaltools.gnu-tools-for-stm32.11.3.rel1.win32_1.1.0.202305231506/tools/bin/../lib/gcc/arm-none-eabi/11.3.1/../../../../arm-none-eabi/lib/thumb/v7e-m+fp/hard/crt0.o (exit)
C:/ST/STM32CubeIDE_1.13.0/STM32CubeIDE/plugins/com.st.stm32cube.ide.mcu.externaltools.gnu-tools-for-stm32.11.3.rel1.win32_1.1.0.202305231506/tools/bin/../lib/gcc/arm-none-eabi/11.3.1/../../../../arm-none-eabi/lib/thumb/v7e-m+fp/hard\libc_nano.a(libc_a-findfp.o)
                              C:/ST/STM32CubeIDE_1.13.0/STM32CubeIDE/plugins/com.st.stm32cube.ide.mcu.externaltools.gnu-tools-for-stm32.11.3.rel1.win32_1.1.0.202305231506/tools/bin/../lib/gcc/arm-none-eabi/11.3.1/../../../../arm-none-eabi/lib/thumb/v7e-m+fp/hard\libc_nano.a(libc_a-exit.o) (__stdio_exit_handler)
C:/ST/STM32CubeIDE_1.13.0/STM32CubeIDE/plugins/com.st.stm32cube.ide.mcu.externaltools.gnu-tools-for-stm32.11.3.rel1.win32_1.1.0.202305231506/tools/bin/../lib/gcc/arm-none-eabi/11.3.1/../../../../arm-none-eabi/lib/thumb/v7e-m+fp/hard\libc_nano.a(libc_a-fwalk.o)
                              C:/ST/STM32CubeIDE_1.13.0/STM32CubeIDE/plugins/com.st.stm32cube.ide.mcu.externaltools.gnu-tools-for-stm32.11.3.rel1.win32_1.1.0.202305231506/tools/bin/../lib/gcc/arm-none-eabi/11.3.1/../../../../arm-none-eabi/lib/thumb/v7e-m+fp/hard\libc_nano.a(libc_a-findfp.o) (_fwalk_sglue)
C:/ST/STM32CubeIDE_1.13.0/STM32CubeIDE/plugins/com.st.stm32cube.ide.mcu.externaltools.gnu-tools-for-stm32.11.3.rel1.win32_1.1.0.202305231506/tools/bin/../lib/gcc/arm-none-eabi/11.3.1/../../../../arm-none-eabi/lib/thumb/v7e-m+fp/hard\libc_nano.a(libc_a-stdio.o)
                              C:/ST/STM32CubeIDE_1.13.0/STM32CubeIDE/plugins/com.st.stm32cube.ide.mcu.externaltools.gnu-tools-for-stm32.11.3.rel1.win32_1.1.0.202305231506/tools/bin/../lib/gcc/arm-none-eabi/11.3.1/../../../../arm-none-eabi/lib/thumb/v7e-m+fp/hard\libc_nano.a(libc_a-findfp.o) (__sread)
C:/ST/STM32CubeIDE_1.13.0/STM32CubeIDE/plugins/com.st.stm32cube.ide.mcu.externaltools.gnu-tools-for-stm32.11.3.rel1.win32_1.1.0.202305231506/tools/bin/../lib/gcc/arm-none-eabi/11.3.1/../../../../arm-none-eabi/lib/thumb/v7e-m+fp/hard\libc_nano.a(libc_a-memset.o)
                              C:/ST/STM32CubeIDE_1.13.0/STM32CubeIDE/plugins/com.st.stm32cube.ide.mcu.externaltools.gnu-tools-for-stm32.11.3.rel1.win32_1.1.0.202305231506/tools/bin/../lib/gcc/arm-none-eabi/11.3.1/../../../../arm-none-eabi/lib/thumb/v7e-m+fp/hard/crt0.o (memset)
C:/ST/STM32CubeIDE_1.13.0/STM32CubeIDE/plugins/com.st.stm32cube.ide.mcu.externaltools.gnu-tools-for-stm32.11.3.rel1.win32_1.1.0.202305231506/tools/bin/../lib/gcc/arm-none-eabi/11.3.1/../../../../arm-none-eabi/lib/thumb/v7e-m+fp/hard\libc_nano.a(libc_a-closer.o)
                              C:/ST/STM32CubeIDE_1.13.0/STM32CubeIDE/plugins/com.st.stm32cube.ide.mcu.externaltools.gnu-tools-for-stm32.11.3.rel1.win32_1.1.0.202305231506/tools/bin/../lib/gcc/arm-none-eabi/11.3.1/../../../../arm-none-eabi/lib/thumb/v7e-m+fp/hard\libc_nano.a(libc_a-stdio.o) (_close_r)
C:/ST/STM32CubeIDE_1.13.0/STM32CubeIDE/plugins/com.st.stm32cube.ide.mcu.externaltools.gnu-tools-for-stm32.11.3.rel1.win32_1.1.0.202305231506/tools/bin/../lib/gcc/arm-none-eabi/11.3.1/../../../../arm-none-eabi/lib/thumb/v7e-m+fp/hard\libc_nano.a(libc_a-reent.o)
                              C:/ST/STM32CubeIDE_1.13.0/STM32CubeIDE/plugins/com.st.stm32cube.ide.mcu.externaltools.gnu-tools-for-stm32.11.3.rel1.win32_1.1.0.202305231506/tools/bin/../lib/gcc/arm-none-eabi/11.3.1/../../../../arm-none-eabi/lib/thumb/v7e-m+fp/hard\libc_nano.a(libc_a-closer.o) (errno)
C:/ST/STM32CubeIDE_1.13.0/STM32CubeIDE/plugins/com.st.stm32cube.ide.mcu.externaltools.gnu-tools-for-stm32.11.3.rel1.win32_1.1.0.202305231506/tools/bin/../lib/gcc/arm-none-eabi/11.3.1/../../../../arm-none-eabi/lib/thumb/v7e-m+fp/hard\libc_nano.a(libc_a-impure.o)
                              C:/ST/STM32CubeIDE_1.13.0/STM32CubeIDE/plugins/com.st.stm32cube.ide.mcu.externaltools.gnu-tools-for-stm32.11.3.rel1.win32_1.1.0.202305231506/tools/bin/../lib/gcc/arm-none-eabi/11.3.1/../../../../arm-none-eabi/lib/thumb/v7e-m+fp/hard\libc_nano.a(libc_a-reent.o) (_impure_ptr)
C:/ST/STM32CubeIDE_1.13.0/STM32CubeIDE/plugins/com.st.stm32cube.ide.mcu.externaltools.gnu-tools-for-stm32.11.3.rel1.win32_1.1.0.202305231506/tools/bin/../lib/gcc/arm-none-eabi/11.3.1/../../../../arm-none-eabi/lib/thumb/v7e-m+fp/hard\libc_nano.a(libc_a-lseekr.o)
[...]
Memory Configuration

Name             Origin             Length             Attributes
RAM              0x0000000020000000 0x0000000000018000 xrw
RAM2             0x0000000010000000 0x0000000000008000 xrw
FLASH            0x0000000008000000 0x0000000000100000 xr
*default*        0x0000000000000000 0xffffffffffffffff

Linker script and memory map

LOAD C:/ST/STM32CubeIDE_1.13.0/STM32CubeIDE/plugins/com.st.stm32cube.ide.mcu.externaltools.gnu-tools-for-stm32.11.3.rel1.win32_1.1.0.202305231506/tools/bin/../lib/gcc/arm-none-eabi/11.3.1/thumb/v7e-m+fp/hard/crti.o
LOAD C:/ST/STM32CubeIDE_1.13.0/STM32CubeIDE/plugins/com.st.stm32cube.ide.mcu.externaltools.gnu-tools-for-stm32.11.3.rel1.win32_1.1.0.202305231506/tools/bin/../lib/gcc/arm-none-eabi/11.3.1/thumb/v7e-m+fp/hard/crtbegin.o
LOAD C:/ST/STM32CubeIDE_1.13.0/STM32CubeIDE/plugins/com.st.stm32cube.ide.mcu.externaltools.gnu-tools-for-stm32.11.3.rel1.win32_1.1.0.202305231506/tools/bin/../lib/gcc/arm-none-eabi/11.3.1/../../../../arm-none-eabi/lib/thumb/v7e-m+fp/hard/crt0.o
LOAD ./Core/Src/hd44780.o
LOAD ./Core/Src/main.o
LOAD ./Core/Src/stm32l4xx_hal_msp.o
LOAD ./Core/Src/stm32l4xx_it.o
LOAD ./Core/Src/syscalls.o
LOAD ./Core/Src/sysmem.o
LOAD ./Core/Src/system_stm32l4xx.o
LOAD ./Core/Startup/startup_stm32l475vgtx.o
LOAD ./Drivers/STM32L4xx_HAL_Driver/Src/stm32l4xx_hal.o
LOAD ./Drivers/STM32L4xx_HAL_Driver/Src/stm32l4xx_hal_cortex.o
LOAD ./Drivers/STM32L4xx_HAL_Driver/Src/stm32l4xx_hal_dfsdm.o
LOAD ./Drivers/STM32L4xx_HAL_Driver/Src/stm32l4xx_hal_dma.o
LOAD ./Drivers/STM32L4xx_HAL_Driver/Src/stm32l4xx_hal_dma_ex.o
LOAD ./Drivers/STM32L4xx_HAL_Driver/Src/stm32l4xx_hal_exti.o
LOAD ./Drivers/STM32L4xx_HAL_Driver/Src/stm32l4xx_hal_flash.o
LOAD ./Drivers/STM32L4xx_HAL_Driver/Src/stm32l4xx_hal_flash_ex.o
LOAD ./Drivers/STM32L4xx_HAL_Driver/Src/stm32l4xx_hal_flash_ramfunc.o
LOAD ./Drivers/STM32L4xx_HAL_Driver/Src/stm32l4xx_hal_gpio.o
LOAD ./Drivers/STM32L4xx_HAL_Driver/Src/stm32l4xx_hal_i2c.o
LOAD ./Drivers/STM32L4xx_HAL_Driver/Src/stm32l4xx_hal_i2c_ex.o
LOAD ./Drivers/STM32L4xx_HAL_Driver/Src/stm32l4xx_hal_pcd.o
LOAD ./Drivers/STM32L4xx_HAL_Driver/Src/stm32l4xx_hal_pcd_ex.o
LOAD ./Drivers/STM32L4xx_HAL_Driver/Src/stm32l4xx_hal_pwr.o
LOAD ./Drivers/STM32L4xx_HAL_Driver/Src/stm32l4xx_hal_pwr_ex.o
LOAD ./Drivers/STM32L4xx_HAL_Driver/Src/stm32l4xx_hal_qspi.o
LOAD ./Drivers/STM32L4xx_HAL_Driver/Src/stm32l4xx_hal_rcc.o
LOAD ./Drivers/STM32L4xx_HAL_Driver/Src/stm32l4xx_hal_rcc_ex.o
LOAD ./Drivers/STM32L4xx_HAL_Driver/Src/stm32l4xx_hal_spi.o
LOAD ./Drivers/STM32L4xx_HAL_Driver/Src/stm32l4xx_hal_spi_ex.o
LOAD ./Drivers/STM32L4xx_HAL_Driver/Src/stm32l4xx_hal_tim.o
LOAD ./Drivers/STM32L4xx_HAL_Driver/Src/stm32l4xx_hal_tim_ex.o
LOAD ./Drivers/STM32L4xx_HAL_Driver/Src/stm32l4xx_hal_uart.o
LOAD ./Drivers/STM32L4xx_HAL_Driver/Src/stm32l4xx_hal_uart_ex.o
LOAD ./Drivers/STM32L4xx_HAL_Driver/Src/stm32l4xx_ll_usb.o
LOAD ./Middlewares/ST/STM32_USB_Device_Library/Class/CustomHID/Src/usbd_customhid.o
LOAD ./Middlewares/ST/STM32_USB_Device_Library/Core/Src/usbd_core.o
LOAD ./Middlewares/ST/STM32_USB_Device_Library/Core/Src/usbd_ctlreq.o
LOAD ./Middlewares/ST/STM32_USB_Device_Library/Core/Src/usbd_ioreq.o
LOAD ./USB_DEVICE/App/usb_device.o
LOAD ./USB_DEVICE/App/usbd_custom_hid_if.o
LOAD ./USB_DEVICE/App/usbd_desc.o
LOAD ./USB_DEVICE/Target/usbd_conf.o
START GROUP
LOAD C:/ST/STM32CubeIDE_1.13.0/STM32CubeIDE/plugins/com.st.stm32cube.ide.mcu.externaltools.gnu-tools-for-stm32.11.3.rel1.win32_1.1.0.202305231506/tools/bin/../lib/gcc/arm-none-eabi/11.3.1/../../../../arm-none-eabi/lib/thumb/v7e-m+fp/hard\libc_nano.a
LOAD C:/ST/STM32CubeIDE_1.13.0/STM32CubeIDE/plugins/com.st.stm32cube.ide.mcu.externaltools.gnu-tools-for-stm32.11.3.rel1.win32_1.1.0.202305231506/tools/bin/../lib/gcc/arm-none-eabi/11.3.1/../../../../arm-none-eabi/lib/thumb/v7e-m+fp/hard\libm.a
END GROUP
START GROUP
LOAD C:/ST/STM32CubeIDE_1.13.0/STM32CubeIDE/plugins/com.st.stm32cube.ide.mcu.externaltools.gnu-tools-for-stm32.11.3.rel1.win32_1.1.0.202305231506/tools/bin/../lib/gcc/arm-none-eabi/11.3.1/thumb/v7e-m+fp/hard\libgcc.a
LOAD C:/ST/STM32CubeIDE_1.13.0/STM32CubeIDE/plugins/com.st.stm32cube.ide.mcu.externaltools.gnu-tools-for-stm32.11.3.rel1.win32_1.1.0.202305231506/tools/bin/../lib/gcc/arm-none-eabi/11.3.1/../../../../arm-none-eabi/lib/thumb/v7e-m+fp/hard\libc_nano.a
END GROUP
START GROUP
LOAD C:/ST/STM32CubeIDE_1.13.0/STM32CubeIDE/plugins/com.st.stm32cube.ide.mcu.externaltools.gnu-tools-for-stm32.11.3.rel1.win32_1.1.0.202305231506/tools/bin/../lib/gcc/arm-none-eabi/11.3.1/thumb/v7e-m+fp/hard\libgcc.a
LOAD C:/ST/STM32CubeIDE_1.13.0/STM32CubeIDE/plugins/com.st.stm32cube.ide.mcu.externaltools.gnu-tools-for-stm32.11.3.rel1.win32_1.1.0.202305231506/tools/bin/../lib/gcc/arm-none-eabi/11.3.1/../../../../arm-none-eabi/lib/thumb/v7e-m+fp/hard\libc_nano.a
LOAD C:/ST/STM32CubeIDE_1.13.0/STM32CubeIDE/plugins/com.st.stm32cube.ide.mcu.externaltools.gnu-tools-for-stm32.11.3.rel1.win32_1.1.0.202305231506/tools/bin/../lib/gcc/arm-none-eabi/11.3.1/../../../../arm-none-eabi/lib/thumb/v7e-m+fp/hard\libnosys.a
END GROUP
START GROUP
LOAD C:/ST/STM32CubeIDE_1.13.0/STM32CubeIDE/plugins/com.st.stm32cube.ide.mcu.externaltools.gnu-tools-for-stm32.11.3.rel1.win32_1.1.0.202305231506/tools/bin/../lib/gcc/arm-none-eabi/11.3.1/thumb/v7e-m+fp/hard\libgcc.a
LOAD C:/ST/STM32CubeIDE_1.13.0/STM32CubeIDE/plugins/com.st.stm32cube.ide.mcu.externaltools.gnu-tools-for-stm32.11.3.rel1.win32_1.1.0.202305231506/tools/bin/../lib/gcc/arm-none-eabi/11.3.1/../../../../arm-none-eabi/lib/thumb/v7e-m+fp/hard\libc_nano.a
LOAD C:/ST/STM32CubeIDE_1.13.0/STM32CubeIDE/plugins/com.st.stm32cube.ide.mcu.externaltools.gnu-tools-for-stm32.11.3.rel1.win32_1.1.0.202305231506/tools/bin/../lib/gcc/arm-none-eabi/11.3.1/../../../../arm-none-eabi/lib/thumb/v7e-m+fp/hard\libnosys.a
END GROUP
LOAD C:/ST/STM32CubeIDE_1.13.0/STM32CubeIDE/plugins/com.st.stm32cube.ide.mcu.externaltools.gnu-tools-for-stm32.11.3.rel1.win32_1.1.0.202305231506/tools/bin/../lib/gcc/arm-none-eabi/11.3.1/thumb/v7e-m+fp/hard/crtend.o
LOAD C:/ST/STM32CubeIDE_1.13.0/STM32CubeIDE/plugins/com.st.stm32cube.ide.mcu.externaltools.gnu-tools-for-stm32.11.3.rel1.win32_1.1.0.202305231506/tools/bin/../lib/gcc/arm-none-eabi/11.3.1/thumb/v7e-m+fp/hard/crtn.o
                0x0000000020018000                _estack = (ORIGIN (RAM) + LENGTH (RAM))
                0x0000000000000200                _Min_Heap_Size = 0x200
                0x0000000000000400                _Min_Stack_Size = 0x400

.isr_vector     0x0000000008000000      0x188
                0x0000000008000000                . = ALIGN (0x4)
 *(.isr_vector)
 .isr_vector    0x0000000008000000      0x188 ./Core/Startup/startup_stm32l475vgtx.o
                0x0000000008000000                g_pfnVectors
                0x0000000008000188                . = ALIGN (0x4)

.text           0x0000000008000188     0x9400
                0x0000000008000188                . = ALIGN (0x4)
 *(.text)
 .text          0x0000000008000188       0x40 C:/ST/STM32CubeIDE_1.13.0/STM32CubeIDE/plugins/com.st.stm32cube.ide.mcu.externaltools.gnu-tools-for-stm32.11.3.rel1.win32_1.1.0.202305231506/tools/bin/../lib/gcc/arm-none-eabi/11.3.1/thumb/v7e-m+fp/hard/crtbegin.o
 .text          0x00000000080001c8       0x30 C:/ST/STM32CubeIDE_1.13.0/STM32CubeIDE/plugins/com.st.stm32cube.ide.mcu.externaltools.gnu-tools-for-stm32.11.3.rel1.win32_1.1.0.202305231506/tools/bin/../lib/gcc/arm-none-eabi/11.3.1/thumb/v7e-m+fp/hard\libgcc.a(_aeabi_uldivmod.o)
                0x00000000080001c8                __aeabi_uldivmod
 .text          0x00000000080001f8      0x2c8 C:/ST/STM32CubeIDE_1.13.0/STM32CubeIDE/plugins/com.st.stm32cube.ide.mcu.externaltools.gnu-tools-for-stm32.11.3.rel1.win32_1.1.0.202305231506/tools/bin/../lib/gcc/arm-none-eabi/11.3.1/thumb/v7e-m+fp/hard\libgcc.a(_udivmoddi4.o)
                0x00000000080001f8                __udivmoddi4
 .text          0x00000000080004c0        0x4 C:/ST/STM32CubeIDE_1.13.0/STM32CubeIDE/plugins/com.st.stm32cube.ide.mcu.externaltools.gnu-tools-for-stm32.11.3.rel1.win32_1.1.0.202305231506/tools/bin/../lib/gcc/arm-none-eabi/11.3.1/thumb/v7e-m+fp/hard\libgcc.a(_dvmd_tls.o)
                0x00000000080004c0                __aeabi_idiv0
                0x00000000080004c0                __aeabi_ldiv0
 *(.text*)
 .text.lcd_clock
                0x00000000080004c4       0x30 ./Core/Src/hd44780.o
                0x00000000080004c4                lcd_clock
 .text.lcd_reset
                0x00000000080004f4       0x90 ./Core/Src/hd44780.o
                0x00000000080004f4                lcd_reset
 .text.lcd_write
                0x0000000008000584      0x16c ./Core/Src/hd44780.o
                0x0000000008000584                lcd_write
 .text.lcd_clear
                0x00000000080006f0       0x24 ./Core/Src/hd44780.o
                0x00000000080006f0                lcd_clear
 .text.lcd_display_settings
                0x0000000008000714       0x42 ./Core/Src/hd44780.o
                0x0000000008000714                lcd_display_settings
 .text.lcd_display_address
                0x0000000008000756       0x22 ./Core/Src/hd44780.o
                0x0000000008000756                lcd_display_address
 .text.lcd_print
                0x0000000008000778       0xe4 ./Core/Src/hd44780.o
                0x0000000008000778                lcd_print
 .text.main     0x000000000800085c       0xe8 ./Core/Src/main.o
                0x000000000800085c                main
 .text.SystemClock_Config
                0x0000000008000944       0xc4 ./Core/Src/main.o
                0x0000000008000944                SystemClock_Config
 .text.MX_DFSDM1_Init
                0x0000000008000a08       0x70 ./Core/Src/main.o
 .text.MX_I2C2_Init
                0x0000000008000a78       0x7c ./Core/Src/main.o
 .text.MX_QUADSPI_Init
                0x0000000008000af4       0x4c ./Core/Src/main.o
 .text.MX_SPI3_Init
                0x0000000008000b40       0x7c ./Core/Src/main.o
 .text.MX_USART1_UART_Init
                0x0000000008000bbc       0x60 ./Core/Src/main.o
 .text.MX_USART3_UART_Init
                0x0000000008000c1c       0x60 ./Core/Src/main.o
 .text.MX_GPIO_Init
                0x0000000008000c7c      0x308 ./Core/Src/main.o
 .text.Error_Handler
                0x0000000008000f84        0xa ./Core/Src/main.o
                0x0000000008000f84                Error_Handler
 *fill*         0x0000000008000f8e        0x2 
 .text.HAL_MspInit
                0x0000000008000f90       0x48 ./Core/Src/stm32l4xx_hal_msp.o
                0x0000000008000f90                HAL_MspInit
 .text.HAL_DFSDM_ChannelMspInit
                0x0000000008000fd8       0xc8 ./Core/Src/stm32l4xx_hal_msp.o
                0x0000000008000fd8                HAL_DFSDM_ChannelMspInit
 .text.HAL_I2C_MspInit
                0x00000000080010a0       0xbc ./Core/Src/stm32l4xx_hal_msp.o
                0x00000000080010a0                HAL_I2C_MspInit
 .text.HAL_QSPI_MspInit
                0x000000000800115c       0x88 ./Core/Src/stm32l4xx_hal_msp.o
                0x000000000800115c                HAL_QSPI_MspInit
 .text.HAL_SPI_MspInit
                0x00000000080011e4       0x88 ./Core/Src/stm32l4xx_hal_msp.o
                0x00000000080011e4                HAL_SPI_MspInit
 .text.HAL_UART_MspInit
                0x000000000800126c      0x148 ./Core/Src/stm32l4xx_hal_msp.o
                0x000000000800126c                HAL_UART_MspInit
 .text.NMI_Handler
                0x00000000080013b4        0x6 ./Core/Src/stm32l4xx_it.o
                0x00000000080013b4                NMI_Handler
 .text.HardFault_Handler
                0x00000000080013ba        0x6 ./Core/Src/stm32l4xx_it.o
                0x00000000080013ba                HardFault_Handler
 .text.MemManage_Handler
                0x00000000080013c0        0x6 ./Core/Src/stm32l4xx_it.o
                0x00000000080013c0                MemManage_Handler
 .text.BusFault_Handler
                0x00000000080013c6        0x6 ./Core/Src/stm32l4xx_it.o
                0x00000000080013c6                BusFault_Handler
 .text.UsageFault_Handler
                0x00000000080013cc        0x6 ./Core/Src/stm32l4xx_it.o
                0x00000000080013cc                UsageFault_Handler
 .text.SVC_Handler
                0x00000000080013d2        0xe ./Core/Src/stm32l4xx_it.o
                0x00000000080013d2                SVC_Handler
 .text.DebugMon_Handler
                0x00000000080013e0        0xe ./Core/Src/stm32l4xx_it.o
                0x00000000080013e0                DebugMon_Handler
 .text.PendSV_Handler
                0x00000000080013ee        0xe ./Core/Src/stm32l4xx_it.o
                0x00000000080013ee                PendSV_Handler
 .text.SysTick_Handler
                0x00000000080013fc        0xc ./Core/Src/stm32l4xx_it.o
                0x00000000080013fc                SysTick_Handler
 .text.EXTI9_5_IRQHandler
                0x0000000008001408       0x22 ./Core/Src/stm32l4xx_it.o
                0x0000000008001408                EXTI9_5_IRQHandler
 .text.EXTI15_10_IRQHandler
                0x000000000800142a       0x30 ./Core/Src/stm32l4xx_it.o
                0x000000000800142a                EXTI15_10_IRQHandler
 *fill*         0x000000000800145a        0x2 
 .text.OTG_FS_IRQHandler
                0x000000000800145c       0x14 ./Core/Src/stm32l4xx_it.o
                0x000000000800145c                OTG_FS_IRQHandler
 .text.SystemInit
                0x0000000008001470       0x24 ./Core/Src/system_stm32l4xx.o
                0x0000000008001470                SystemInit
 .text.Reset_Handler
                0x0000000008001494       0x50 ./Core/Startup/startup_stm32l475vgtx.o
                0x0000000008001494                Reset_Handler
 .text.Default_Handler
                0x00000000080014e4        0x2 ./Core/Startup/startup_stm32l475vgtx.o
                0x00000000080014e4                RTC_Alarm_IRQHandler
                0x00000000080014e4                EXTI2_IRQHandler
                0x00000000080014e4                TIM8_TRG_COM_IRQHandler
                0x00000000080014e4                TIM8_CC_IRQHandler
                0x00000000080014e4                TIM1_CC_IRQHandler
                0x00000000080014e4                TSC_IRQHandler
                0x00000000080014e4                TAMP_STAMP_IRQHandler
                0x00000000080014e4                EXTI3_IRQHandler
                0x00000000080014e4                LPTIM2_IRQHandler
                0x00000000080014e4                DFSDM1_FLT1_IRQHandler
                0x00000000080014e4                I2C3_ER_IRQHandler
                0x00000000080014e4                DFSDM1_FLT2_IRQHandler
                0x00000000080014e4                EXTI0_IRQHandler
                0x00000000080014e4                I2C2_EV_IRQHandler
                0x00000000080014e4                CAN1_RX0_IRQHandler
                0x00000000080014e4                FPU_IRQHandler
                0x00000000080014e4                TIM1_UP_TIM16_IRQHandler
                0x00000000080014e4                ADC1_2_IRQHandler
                0x00000000080014e4                SPI1_IRQHandler
                0x00000000080014e4                TIM6_DAC_IRQHandler
                0x00000000080014e4                TIM8_UP_IRQHandler
                0x00000000080014e4                DMA2_Channel2_IRQHandler
                0x00000000080014e4                DMA1_Channel4_IRQHandler
                0x00000000080014e4                SAI2_IRQHandler
                0x00000000080014e4                DFSDM1_FLT3_IRQHandler
                0x00000000080014e4                USART3_IRQHandler
                0x00000000080014e4                DMA1_Channel7_IRQHandler
                0x00000000080014e4                CAN1_RX1_IRQHandler
                0x00000000080014e4                UART5_IRQHandler
                0x00000000080014e4                ADC3_IRQHandler
                0x00000000080014e4                TIM4_IRQHandler
                0x00000000080014e4                DMA2_Channel1_IRQHandler
                0x00000000080014e4                QUADSPI_IRQHandler
                0x00000000080014e4                I2C1_EV_IRQHandler
                0x00000000080014e4                DMA1_Channel6_IRQHandler
                0x00000000080014e4                UART4_IRQHandler
                0x00000000080014e4                DMA2_Channel4_IRQHandler
                0x00000000080014e4                TIM3_IRQHandler
                0x00000000080014e4                RCC_IRQHandler
                0x00000000080014e4                DMA1_Channel1_IRQHandler
                0x00000000080014e4                Default_Handler
                0x00000000080014e4                DMA2_Channel7_IRQHandler
                0x00000000080014e4                TIM7_IRQHandler
                0x00000000080014e4                SDMMC1_IRQHandler
                0x00000000080014e4                TIM5_IRQHandler
                0x00000000080014e4                I2C3_EV_IRQHandler
                0x00000000080014e4                RTC_WKUP_IRQHandler
                0x00000000080014e4                PVD_PVM_IRQHandler
                0x00000000080014e4                SPI2_IRQHandler
                0x00000000080014e4                CAN1_TX_IRQHandler
                0x00000000080014e4                DMA2_Channel5_IRQHandler
                0x00000000080014e4                DMA1_Channel5_IRQHandler
                0x00000000080014e4                EXTI4_IRQHandler
                0x00000000080014e4                RNG_IRQHandler
                0x00000000080014e4                TIM1_TRG_COM_TIM17_IRQHandler
                0x00000000080014e4                DMA1_Channel3_IRQHandler
                0x00000000080014e4                COMP_IRQHandler
                0x00000000080014e4                WWDG_IRQHandler
                0x00000000080014e4                LPUART1_IRQHandler
                0x00000000080014e4                DMA2_Channel6_IRQHandler
                0x00000000080014e4                TIM2_IRQHandler
                0x00000000080014e4                EXTI1_IRQHandler
                0x00000000080014e4                USART2_IRQHandler
                0x00000000080014e4                DFSDM1_FLT0_IRQHandler
                0x00000000080014e4                I2C2_ER_IRQHandler
                0x00000000080014e4                DMA1_Channel2_IRQHandler
                0x00000000080014e4                TIM8_BRK_IRQHandler
                0x00000000080014e4                CAN1_SCE_IRQHandler
                0x00000000080014e4                FLASH_IRQHandler
                0x00000000080014e4                USART1_IRQHandler
                0x00000000080014e4                SPI3_IRQHandler
                0x00000000080014e4                I2C1_ER_IRQHandler
                0x00000000080014e4                FMC_IRQHandler
                0x00000000080014e4                SWPMI1_IRQHandler
                0x00000000080014e4                LPTIM1_IRQHandler
                0x00000000080014e4                SAI1_IRQHandler
                0x00000000080014e4                DMA2_Channel3_IRQHandler
                0x00000000080014e4                TIM1_BRK_TIM15_IRQHandler
 .text.HAL_Init
                0x00000000080014e6       0x30 ./Drivers/STM32L4xx_HAL_Driver/Src/stm32l4xx_hal.o
                0x00000000080014e6                HAL_Init
 *fill*         0x0000000008001516        0x2 
 .text.HAL_InitTick
                0x0000000008001518       0x78 ./Drivers/STM32L4xx_HAL_Driver/Src/stm32l4xx_hal.o
                0x0000000008001518                HAL_InitTick
 .text.HAL_IncTick
                0x0000000008001590       0x28 ./Drivers/STM32L4xx_HAL_Driver/Src/stm32l4xx_hal.o
                0x0000000008001590                HAL_IncTick
 .text.HAL_GetTick
                0x00000000080015b8       0x18 ./Drivers/STM32L4xx_HAL_Driver/Src/stm32l4xx_hal.o
                0x00000000080015b8                HAL_GetTick
 .text.HAL_Delay
                0x00000000080015d0       0x48 ./Drivers/STM32L4xx_HAL_Driver/Src/stm32l4xx_hal.o
                0x00000000080015d0                HAL_Delay
 .text.__NVIC_SetPriorityGrouping
                0x0000000008001618       0x48 ./Drivers/STM32L4xx_HAL_Driver/Src/stm32l4xx_hal_cortex.o
 .text.__NVIC_GetPriorityGrouping
                0x0000000008001660       0x1c ./Drivers/STM32L4xx_HAL_Driver/Src/stm32l4xx_hal_cortex.o
 .text.__NVIC_EnableIRQ
                0x000000000800167c       0x3c ./Drivers/STM32L4xx_HAL_Driver/Src/stm32l4xx_hal_cortex.o
 .text.__NVIC_SetPriority
                0x00000000080016b8       0x54 ./Drivers/STM32L4xx_HAL_Driver/Src/stm32l4xx_hal_cortex.o
 .text.NVIC_EncodePriority
                0x000000000800170c       0x66 ./Drivers/STM32L4xx_HAL_Driver/Src/stm32l4xx_hal_cortex.o
 *fill*         0x0000000008001772        0x2 
 .text.SysTick_Config
                0x0000000008001774       0x44 ./Drivers/STM32L4xx_HAL_Driver/Src/stm32l4xx_hal_cortex.o
 .text.HAL_NVIC_SetPriorityGrouping
                0x00000000080017b8       0x16 ./Drivers/STM32L4xx_HAL_Driver/Src/stm32l4xx_hal_cortex.o
                0x00000000080017b8                HAL_NVIC_SetPriorityGrouping
 .text.HAL_NVIC_SetPriority
                0x00000000080017ce       0x38 ./Drivers/STM32L4xx_HAL_Driver/Src/stm32l4xx_hal_cortex.o
                0x00000000080017ce                HAL_NVIC_SetPriority
 .text.HAL_NVIC_EnableIRQ
                0x0000000008001806       0x1c ./Drivers/STM32L4xx_HAL_Driver/Src/stm32l4xx_hal_cortex.o
                0x0000000008001806                HAL_NVIC_EnableIRQ
 .text.HAL_SYSTICK_Config
                0x0000000008001822       0x18 ./Drivers/STM32L4xx_HAL_Driver/Src/stm32l4xx_hal_cortex.o
                0x0000000008001822                HAL_SYSTICK_Config
 *fill*         0x000000000800183a        0x2 
 .text.HAL_DFSDM_ChannelInit
                0x000000000800183c      0x180 ./Drivers/STM32L4xx_HAL_Driver/Src/stm32l4xx_hal_dfsdm.o
                0x000000000800183c                HAL_DFSDM_ChannelInit
 .text.DFSDM_GetChannelFromInstance
                0x00000000080019bc       0x98 ./Drivers/STM32L4xx_HAL_Driver/Src/stm32l4xx_hal_dfsdm.o
 .text.HAL_GPIO_Init
                0x0000000008001a54      0x354 ./Drivers/STM32L4xx_HAL_Driver/Src/stm32l4xx_hal_gpio.o
                0x0000000008001a54                HAL_GPIO_Init
 .text.HAL_GPIO_WritePin
                0x0000000008001da8       0x30 ./Drivers/STM32L4xx_HAL_Driver/Src/stm32l4xx_hal_gpio.o
                0x0000000008001da8                HAL_GPIO_WritePin
 .text.HAL_GPIO_EXTI_IRQHandler
                0x0000000008001dd8       0x30 ./Drivers/STM32L4xx_HAL_Driver/Src/stm32l4xx_hal_gpio.o
                0x0000000008001dd8                HAL_GPIO_EXTI_IRQHandler
 .text.HAL_GPIO_EXTI_Callback
                0x0000000008001e08       0x16 ./Drivers/STM32L4xx_HAL_Driver/Src/stm32l4xx_hal_gpio.o
                0x0000000008001e08                HAL_GPIO_EXTI_Callback
 .text.HAL_I2C_Init
                0x0000000008001e1e      0x136 ./Drivers/STM32L4xx_HAL_Driver/Src/stm32l4xx_hal_i2c.o
                0x0000000008001e1e                HAL_I2C_Init
 .text.HAL_I2CEx_ConfigAnalogFilter
                0x0000000008001f54       0x96 ./Drivers/STM32L4xx_HAL_Driver/Src/stm32l4xx_hal_i2c_ex.o
                0x0000000008001f54                HAL_I2CEx_ConfigAnalogFilter
 .text.HAL_I2CEx_ConfigDigitalFilter
                0x0000000008001fea       0x98 ./Drivers/STM32L4xx_HAL_Driver/Src/stm32l4xx_hal_i2c_ex.o
                0x0000000008001fea                HAL_I2CEx_ConfigDigitalFilter
 .text.HAL_PCD_Init
                0x0000000008002082      0x248 ./Drivers/STM32L4xx_HAL_Driver/Src/stm32l4xx_hal_pcd.o
                0x0000000008002082                HAL_PCD_Init
 .text.HAL_PCD_Start
                0x00000000080022ca       0x5e ./Drivers/STM32L4xx_HAL_Driver/Src/stm32l4xx_hal_pcd.o
                0x00000000080022ca                HAL_PCD_Start
 .text.HAL_PCD_IRQHandler
                0x0000000008002328      0x926 ./Drivers/STM32L4xx_HAL_Driver/Src/stm32l4xx_hal_pcd.o
                0x0000000008002328                HAL_PCD_IRQHandler
 .text.HAL_PCD_SetAddress
                0x0000000008002c4e       0x4a ./Drivers/STM32L4xx_HAL_Driver/Src/stm32l4xx_hal_pcd.o
                0x0000000008002c4e                HAL_PCD_SetAddress
 .text.HAL_PCD_EP_Open
                0x0000000008002c98       0xd0 ./Drivers/STM32L4xx_HAL_Driver/Src/stm32l4xx_hal_pcd.o
                0x0000000008002c98                HAL_PCD_EP_Open
 .text.HAL_PCD_EP_Close
                0x0000000008002d68       0x94 ./Drivers/STM32L4xx_HAL_Driver/Src/stm32l4xx_hal_pcd.o
                0x0000000008002d68                HAL_PCD_EP_Close
 .text.HAL_PCD_EP_Receive
                0x0000000008002dfc       0x64 ./Drivers/STM32L4xx_HAL_Driver/Src/stm32l4xx_hal_pcd.o
                0x0000000008002dfc                HAL_PCD_EP_Receive
 .text.HAL_PCD_EP_Transmit
                0x0000000008002e60       0x62 ./Drivers/STM32L4xx_HAL_Driver/Src/stm32l4xx_hal_pcd.o
                0x0000000008002e60                HAL_PCD_EP_Transmit
 .text.HAL_PCD_EP_SetStall
                0x0000000008002ec2       0xc4 ./Drivers/STM32L4xx_HAL_Driver/Src/stm32l4xx_hal_pcd.o
                0x0000000008002ec2                HAL_PCD_EP_SetStall
 .text.HAL_PCD_EP_ClrStall
                0x0000000008002f86       0xac ./Drivers/STM32L4xx_HAL_Driver/Src/stm32l4xx_hal_pcd.o
                0x0000000008002f86                HAL_PCD_EP_ClrStall
 .text.HAL_PCD_EP_Abort
                0x0000000008003032       0x62 ./Drivers/STM32L4xx_HAL_Driver/Src/stm32l4xx_hal_pcd.o
                0x0000000008003032                HAL_PCD_EP_Abort
 .text.PCD_WriteEmptyTxFifo
                0x0000000008003094      0x110 ./Drivers/STM32L4xx_HAL_Driver/Src/stm32l4xx_hal_pcd.o
 .text.PCD_EP_OutXfrComplete_int
                0x00000000080031a4       0x9c ./Drivers/STM32L4xx_HAL_Driver/Src/stm32l4xx_hal_pcd.o
 .text.PCD_EP_OutSetupPacket_int
                0x0000000008003240       0x68 ./Drivers/STM32L4xx_HAL_Driver/Src/stm32l4xx_hal_pcd.o
 .text.HAL_PCDEx_SetTxFiFo
                0x00000000080032a8       0x8e ./Drivers/STM32L4xx_HAL_Driver/Src/stm32l4xx_hal_pcd_ex.o
                0x00000000080032a8                HAL_PCDEx_SetTxFiFo
 .text.HAL_PCDEx_SetRxFiFo
                0x0000000008003336       0x22 ./Drivers/STM32L4xx_HAL_Driver/Src/stm32l4xx_hal_pcd_ex.o
                0x0000000008003336                HAL_PCDEx_SetRxFiFo
 .text.HAL_PCDEx_ActivateLPM
                0x0000000008003358       0x48 ./Drivers/STM32L4xx_HAL_Driver/Src/stm32l4xx_hal_pcd_ex.o
                0x0000000008003358                HAL_PCDEx_ActivateLPM
 .text.HAL_PWR_EnableBkUpAccess
                0x00000000080033a0       0x20 ./Drivers/STM32L4xx_HAL_Driver/Src/stm32l4xx_hal_pwr.o
                0x00000000080033a0                HAL_PWR_EnableBkUpAccess
 .text.HAL_PWREx_GetVoltageRange
                0x00000000080033c0       0x1c ./Drivers/STM32L4xx_HAL_Driver/Src/stm32l4xx_hal_pwr_ex.o
                0x00000000080033c0                HAL_PWREx_GetVoltageRange
 .text.HAL_PWREx_ControlVoltageScaling
                0x00000000080033dc       0xac ./Drivers/STM32L4xx_HAL_Driver/Src/stm32l4xx_hal_pwr_ex.o
                0x00000000080033dc                HAL_PWREx_ControlVoltageScaling
 .text.HAL_PWREx_EnableVddUSB
                0x0000000008003488       0x20 ./Drivers/STM32L4xx_HAL_Driver/Src/stm32l4xx_hal_pwr_ex.o
                0x0000000008003488                HAL_PWREx_EnableVddUSB
 .text.HAL_QSPI_Init
                0x00000000080034a8       0xec ./Drivers/STM32L4xx_HAL_Driver/Src/stm32l4xx_hal_qspi.o
                0x00000000080034a8                HAL_QSPI_Init
 .text.HAL_QSPI_SetTimeout
                0x0000000008003594       0x1c ./Drivers/STM32L4xx_HAL_Driver/Src/stm32l4xx_hal_qspi.o
                0x0000000008003594                HAL_QSPI_SetTimeout
 .text.QSPI_WaitFlagStateUntilTimeout
                0x00000000080035b0       0x6e ./Drivers/STM32L4xx_HAL_Driver/Src/stm32l4xx_hal_qspi.o
 *fill*         0x000000000800361e        0x2 
 .text.HAL_RCC_OscConfig
                0x0000000008003620      0x7b8 ./Drivers/STM32L4xx_HAL_Driver/Src/stm32l4xx_hal_rcc.o
                0x0000000008003620                HAL_RCC_OscConfig
 .text.HAL_RCC_ClockConfig
                0x0000000008003dd8      0x200 ./Drivers/STM32L4xx_HAL_Driver/Src/stm32l4xx_hal_rcc.o
                0x0000000008003dd8                HAL_RCC_ClockConfig
 .text.HAL_RCC_GetSysClockFreq
                0x0000000008003fd8      0x118 ./Drivers/STM32L4xx_HAL_Driver/Src/stm32l4xx_hal_rcc.o
                0x0000000008003fd8                HAL_RCC_GetSysClockFreq
 .text.HAL_RCC_GetHCLKFreq
                0x00000000080040f0       0x18 ./Drivers/STM32L4xx_HAL_Driver/Src/stm32l4xx_hal_rcc.o
                0x00000000080040f0                HAL_RCC_GetHCLKFreq
 .text.HAL_RCC_GetPCLK1Freq
                0x0000000008004108       0x2c ./Drivers/STM32L4xx_HAL_Driver/Src/stm32l4xx_hal_rcc.o
                0x0000000008004108                HAL_RCC_GetPCLK1Freq
 .text.HAL_RCC_GetPCLK2Freq
                0x0000000008004134       0x2c ./Drivers/STM32L4xx_HAL_Driver/Src/stm32l4xx_hal_rcc.o
                0x0000000008004134                HAL_RCC_GetPCLK2Freq
 .text.RCC_SetFlashLatencyFromMSIRange
                0x0000000008004160       0xc0 ./Drivers/STM32L4xx_HAL_Driver/Src/stm32l4xx_hal_rcc.o
 .text.HAL_RCCEx_PeriphCLKConfig
                0x0000000008004220      0x5d4 ./Drivers/STM32L4xx_HAL_Driver/Src/stm32l4xx_hal_rcc_ex.o
                0x0000000008004220                HAL_RCCEx_PeriphCLKConfig
 .text.HAL_RCCEx_EnableMSIPLLMode
                0x00000000080047f4       0x20 ./Drivers/STM32L4xx_HAL_Driver/Src/stm32l4xx_hal_rcc_ex.o
                0x00000000080047f4                HAL_RCCEx_EnableMSIPLLMode
 .text.RCCEx_PLLSAI1_Config
                0x0000000008004814      0x1e8 ./Drivers/STM32L4xx_HAL_Driver/Src/stm32l4xx_hal_rcc_ex.o
 .text.RCCEx_PLLSAI2_Config
                0x00000000080049fc      0x1bc ./Drivers/STM32L4xx_HAL_Driver/Src/stm32l4xx_hal_rcc_ex.o
 .text.HAL_SPI_Init
                0x0000000008004bb8      0x146 ./Drivers/STM32L4xx_HAL_Driver/Src/stm32l4xx_hal_spi.o
                0x0000000008004bb8                HAL_SPI_Init
 .text.HAL_UART_Init
                0x0000000008004cfe       0x9c ./Drivers/STM32L4xx_HAL_Driver/Src/stm32l4xx_hal_uart.o
                0x0000000008004cfe                HAL_UART_Init
 *fill*         0x0000000008004d9a        0x2 
 .text.UART_SetConfig
                0x0000000008004d9c      0x570 ./Drivers/STM32L4xx_HAL_Driver/Src/stm32l4xx_hal_uart.o
                0x0000000008004d9c                UART_SetConfig
 .text.UART_AdvFeatureConfig
                0x000000000800530c      0x144 ./Drivers/STM32L4xx_HAL_Driver/Src/stm32l4xx_hal_uart.o
                0x000000000800530c                UART_AdvFeatureConfig
 .text.UART_CheckIdleState
                0x0000000008005450      0x150 ./Drivers/STM32L4xx_HAL_Driver/Src/stm32l4xx_hal_uart.o
                0x0000000008005450                UART_CheckIdleState
 .text.UART_WaitOnFlagUntilTimeout
                0x00000000080055a0       0xce ./Drivers/STM32L4xx_HAL_Driver/Src/stm32l4xx_hal_uart.o
                0x00000000080055a0                UART_WaitOnFlagUntilTimeout
 .text.UART_EndRxTransfer
                0x000000000800566e       0xc8 ./Drivers/STM32L4xx_HAL_Driver/Src/stm32l4xx_hal_uart.o
 .text.USB_CoreInit
                0x0000000008005736       0x58 ./Drivers/STM32L4xx_HAL_Driver/Src/stm32l4xx_ll_usb.o
                0x0000000008005736                USB_CoreInit
 *fill*         0x000000000800578e        0x2 
 .text.USB_SetTurnaroundTime
                0x0000000008005790      0x138 ./Drivers/STM32L4xx_HAL_Driver/Src/stm32l4xx_ll_usb.o
                0x0000000008005790                USB_SetTurnaroundTime
 .text.USB_EnableGlobalInt
                0x00000000080058c8       0x22 ./Drivers/STM32L4xx_HAL_Driver/Src/stm32l4xx_ll_usb.o
                0x00000000080058c8                USB_EnableGlobalInt
 .text.USB_DisableGlobalInt
                0x00000000080058ea       0x22 ./Drivers/STM32L4xx_HAL_Driver/Src/stm32l4xx_ll_usb.o
                0x00000000080058ea                USB_DisableGlobalInt
 .text.USB_SetCurrentMode
                0x000000000800590c       0x98 ./Drivers/STM32L4xx_HAL_Driver/Src/stm32l4xx_ll_usb.o
                0x000000000800590c                USB_SetCurrentMode
 .text.USB_DevInit
                0x00000000080059a4      0x284 ./Drivers/STM32L4xx_HAL_Driver/Src/stm32l4xx_ll_usb.o
                0x00000000080059a4                USB_DevInit
 .text.USB_FlushTxFifo
                0x0000000008005c28       0x68 ./Drivers/STM32L4xx_HAL_Driver/Src/stm32l4xx_ll_usb.o
                0x0000000008005c28                USB_FlushTxFifo
 .text.USB_FlushRxFifo
                0x0000000008005c90       0x60 ./Drivers/STM32L4xx_HAL_Driver/Src/stm32l4xx_ll_usb.o
                0x0000000008005c90                USB_FlushRxFifo
 .text.USB_SetDevSpeed
                0x0000000008005cf0       0x32 ./Drivers/STM32L4xx_HAL_Driver/Src/stm32l4xx_ll_usb.o
                0x0000000008005cf0                USB_SetDevSpeed
 .text.USB_GetDevSpeed
                0x0000000008005d22       0x3e ./Drivers/STM32L4xx_HAL_Driver/Src/stm32l4xx_ll_usb.o
                0x0000000008005d22                USB_GetDevSpeed
 .text.USB_ActivateEndpoint
                0x0000000008005d60      0x10e ./Drivers/STM32L4xx_HAL_Driver/Src/stm32l4xx_ll_usb.o
                0x0000000008005d60                USB_ActivateEndpoint
 *fill*         0x0000000008005e6e        0x2 
 .text.USB_DeactivateEndpoint
                0x0000000008005e70      0x1b8 ./Drivers/STM32L4xx_HAL_Driver/Src/stm32l4xx_ll_usb.o
                0x0000000008005e70                USB_DeactivateEndpoint
 .text.USB_EPStartXfer
                0x0000000008006028      0x464 ./Drivers/STM32L4xx_HAL_Driver/Src/stm32l4xx_ll_usb.o
                0x0000000008006028                USB_EPStartXfer
 .text.USB_EPStopXfer
                0x000000000800648c      0x154 ./Drivers/STM32L4xx_HAL_Driver/Src/stm32l4xx_ll_usb.o
                0x000000000800648c                USB_EPStopXfer
 .text.USB_WritePacket
                0x00000000080065e0       0x74 ./Drivers/STM32L4xx_HAL_Driver/Src/stm32l4xx_ll_usb.o
                0x00000000080065e0                USB_WritePacket
 .text.USB_ReadPacket
                0x0000000008006654       0xb0 ./Drivers/STM32L4xx_HAL_Driver/Src/stm32l4xx_ll_usb.o
                0x0000000008006654                USB_ReadPacket
 .text.USB_EPSetStall
                0x0000000008006704       0xdc ./Drivers/STM32L4xx_HAL_Driver/Src/stm32l4xx_ll_usb.o
                0x0000000008006704                USB_EPSetStall
 .text.USB_EPClearStall
                0x00000000080067e0       0xcc ./Drivers/STM32L4xx_HAL_Driver/Src/stm32l4xx_ll_usb.o
                0x00000000080067e0                USB_EPClearStall
 .text.USB_SetDevAddress
                0x00000000080068ac       0x4c ./Drivers/STM32L4xx_HAL_Driver/Src/stm32l4xx_ll_usb.o
                0x00000000080068ac                USB_SetDevAddress
 .text.USB_DevConnect
                0x00000000080068f8       0x42 ./Drivers/STM32L4xx_HAL_Driver/Src/stm32l4xx_ll_usb.o
                0x00000000080068f8                USB_DevConnect
 .text.USB_DevDisconnect
                0x000000000800693a       0x42 ./Drivers/STM32L4xx_HAL_Driver/Src/stm32l4xx_ll_usb.o
                0x000000000800693a                USB_DevDisconnect
 .text.USB_ReadInterrupts
                0x000000000800697c       0x26 ./Drivers/STM32L4xx_HAL_Driver/Src/stm32l4xx_ll_usb.o
                0x000000000800697c                USB_ReadInterrupts
 .text.USB_ReadDevAllOutEpInterrupt
                0x00000000080069a2       0x34 ./Drivers/STM32L4xx_HAL_Driver/Src/stm32l4xx_ll_usb.o
                0x00000000080069a2                USB_ReadDevAllOutEpInterrupt
 .text.USB_ReadDevAllInEpInterrupt
                0x00000000080069d6       0x34 ./Drivers/STM32L4xx_HAL_Driver/Src/stm32l4xx_ll_usb.o
                0x00000000080069d6                USB_ReadDevAllInEpInterrupt
 .text.USB_ReadDevOutEPInterrupt
                0x0000000008006a0a       0x3c ./Drivers/STM32L4xx_HAL_Driver/Src/stm32l4xx_ll_usb.o
                0x0000000008006a0a                USB_ReadDevOutEPInterrupt
 .text.USB_ReadDevInEPInterrupt
                0x0000000008006a46       0x5c ./Drivers/STM32L4xx_HAL_Driver/Src/stm32l4xx_ll_usb.o
                0x0000000008006a46                USB_ReadDevInEPInterrupt
 .text.USB_GetMode
                0x0000000008006aa2       0x1c ./Drivers/STM32L4xx_HAL_Driver/Src/stm32l4xx_ll_usb.o
                0x0000000008006aa2                USB_GetMode
 .text.USB_ActivateSetup
                0x0000000008006abe       0x46 ./Drivers/STM32L4xx_HAL_Driver/Src/stm32l4xx_ll_usb.o
                0x0000000008006abe                USB_ActivateSetup
 .text.USB_EP0_OutStart
                0x0000000008006b04       0x90 ./Drivers/STM32L4xx_HAL_Driver/Src/stm32l4xx_ll_usb.o
                0x0000000008006b04                USB_EP0_OutStart
 .text.USB_CoreReset
                0x0000000008006b94       0x68 ./Drivers/STM32L4xx_HAL_Driver/Src/stm32l4xx_ll_usb.o
 .text.USBD_CUSTOM_HID_Init
                0x0000000008006bfc      0x154 ./Middlewares/ST/STM32_USB_Device_Library/Class/CustomHID/Src/usbd_customhid.o
 .text.USBD_CUSTOM_HID_DeInit
                0x0000000008006d50       0xf4 ./Middlewares/ST/STM32_USB_Device_Library/Class/CustomHID/Src/usbd_customhid.o
 .text.USBD_CUSTOM_HID_Setup
                0x0000000008006e44      0x234 ./Middlewares/ST/STM32_USB_Device_Library/Class/CustomHID/Src/usbd_customhid.o
 .text.USBD_CUSTOM_HID_SendReport
                0x0000000008007078       0x64 ./Middlewares/ST/STM32_USB_Device_Library/Class/CustomHID/Src/usbd_customhid.o
                0x0000000008007078                USBD_CUSTOM_HID_SendReport
 .text.USBD_CUSTOM_HID_GetFSCfgDesc
                0x00000000080070dc       0x64 ./Middlewares/ST/STM32_USB_Device_Library/Class/CustomHID/Src/usbd_customhid.o
 .text.USBD_CUSTOM_HID_GetHSCfgDesc
                0x0000000008007140       0x64 ./Middlewares/ST/STM32_USB_Device_Library/Class/CustomHID/Src/usbd_customhid.o
 .text.USBD_CUSTOM_HID_GetOtherSpeedCfgDesc
                0x00000000080071a4       0x64 ./Middlewares/ST/STM32_USB_Device_Library/Class/CustomHID/Src/usbd_customhid.o
 .text.USBD_CUSTOM_HID_DataIn
                0x0000000008007208       0x2c ./Middlewares/ST/STM32_USB_Device_Library/Class/CustomHID/Src/usbd_customhid.o
 .text.USBD_CUSTOM_HID_DataOut
                0x0000000008007234       0x5a ./Middlewares/ST/STM32_USB_Device_Library/Class/CustomHID/Src/usbd_customhid.o
 .text.USBD_CUSTOM_HID_EP0_RxReady
                0x000000000800728e       0x58 ./Middlewares/ST/STM32_USB_Device_Library/Class/CustomHID/Src/usbd_customhid.o
 *fill*         0x00000000080072e6        0x2 
 .text.USBD_CUSTOM_HID_GetDeviceQualifierDesc
                0x00000000080072e8       0x20 ./Middlewares/ST/STM32_USB_Device_Library/Class/CustomHID/Src/usbd_customhid.o
 .text.USBD_CUSTOM_HID_RegisterInterface
                0x0000000008007308       0x34 ./Middlewares/ST/STM32_USB_Device_Library/Class/CustomHID/Src/usbd_customhid.o
                0x0000000008007308                USBD_CUSTOM_HID_RegisterInterface
 .text.USBD_Init
                0x000000000800733c       0x60 ./Middlewares/ST/STM32_USB_Device_Library/Core/Src/usbd_core.o
                0x000000000800733c                USBD_Init
 .text.USBD_RegisterClass
                0x000000000800739c       0x6c ./Middlewares/ST/STM32_USB_Device_Library/Core/Src/usbd_core.o
                0x000000000800739c                USBD_RegisterClass
 .text.USBD_Start
                0x0000000008007408       0x18 ./Middlewares/ST/STM32_USB_Device_Library/Core/Src/usbd_core.o
                0x0000000008007408                USBD_Start
 .text.USBD_RunTestMode
                0x0000000008007420       0x16 ./Middlewares/ST/STM32_USB_Device_Library/Core/Src/usbd_core.o
                0x0000000008007420                USBD_RunTestMode
 .text.USBD_SetClassConfig
                0x0000000008007436       0x38 ./Middlewares/ST/STM32_USB_Device_Library/Core/Src/usbd_core.o
                0x0000000008007436                USBD_SetClassConfig
 .text.USBD_ClrClassConfig
                0x000000000800746e       0x34 ./Middlewares/ST/STM32_USB_Device_Library/Core/Src/usbd_core.o
                0x000000000800746e                USBD_ClrClassConfig
 .text.USBD_LL_SetupStage
                0x00000000080074a2       0xaa ./Middlewares/ST/STM32_USB_Device_Library/Core/Src/usbd_core.o
                0x00000000080074a2                USBD_LL_SetupStage
 .text.USBD_LL_DataOutStage
                0x000000000800754c      0x166 ./Middlewares/ST/STM32_USB_Device_Library/Core/Src/usbd_core.o
                0x000000000800754c                USBD_LL_DataOutStage
 .text.USBD_LL_DataInStage
                0x00000000080076b2      0x164 ./Middlewares/ST/STM32_USB_Device_Library/Core/Src/usbd_core.o
                0x00000000080076b2                USBD_LL_DataInStage
 .text.USBD_LL_Reset
                0x0000000008007816       0xa4 ./Middlewares/ST/STM32_USB_Device_Library/Core/Src/usbd_core.o
                0x0000000008007816                USBD_LL_Reset
 .text.USBD_LL_SetSpeed
                0x00000000080078ba       0x20 ./Middlewares/ST/STM32_USB_Device_Library/Core/Src/usbd_core.o
                0x00000000080078ba                USBD_LL_SetSpeed
 .text.USBD_LL_Suspend
                0x00000000080078da       0x38 ./Middlewares/ST/STM32_USB_Device_Library/Core/Src/usbd_core.o
                0x00000000080078da                USBD_LL_Suspend
 .text.USBD_LL_Resume
                0x0000000008007912       0x30 ./Middlewares/ST/STM32_USB_Device_Library/Core/Src/usbd_core.o
                0x0000000008007912                USBD_LL_Resume
 .text.USBD_LL_SOF
                0x0000000008007942       0x40 ./Middlewares/ST/STM32_USB_Device_Library/Core/Src/usbd_core.o
                0x0000000008007942                USBD_LL_SOF
 .text.USBD_LL_IsoINIncomplete
                0x0000000008007982       0x64 ./Middlewares/ST/STM32_USB_Device_Library/Core/Src/usbd_core.o
                0x0000000008007982                USBD_LL_IsoINIncomplete
 .text.USBD_LL_IsoOUTIncomplete
                0x00000000080079e6       0x64 ./Middlewares/ST/STM32_USB_Device_Library/Core/Src/usbd_core.o
                0x00000000080079e6                USBD_LL_IsoOUTIncomplete
 .text.USBD_LL_DevConnected
                0x0000000008007a4a       0x16 ./Middlewares/ST/STM32_USB_Device_Library/Core/Src/usbd_core.o
                0x0000000008007a4a                USBD_LL_DevConnected
 .text.USBD_LL_DevDisconnected
                0x0000000008007a60       0x46 ./Middlewares/ST/STM32_USB_Device_Library/Core/Src/usbd_core.o
                0x0000000008007a60                USBD_LL_DevDisconnected
 .text.USBD_CoreFindIF
                0x0000000008007aa6       0x1a ./Middlewares/ST/STM32_USB_Device_Library/Core/Src/usbd_core.o
                0x0000000008007aa6                USBD_CoreFindIF
 .text.USBD_CoreFindEP
                0x0000000008007ac0       0x1a ./Middlewares/ST/STM32_USB_Device_Library/Core/Src/usbd_core.o
                0x0000000008007ac0                USBD_CoreFindEP
 .text.USBD_GetEpDesc
                0x0000000008007ada       0x74 ./Middlewares/ST/STM32_USB_Device_Library/Core/Src/usbd_core.o
                0x0000000008007ada                USBD_GetEpDesc
 .text.USBD_GetNextDesc
                0x0000000008007b4e       0x3a ./Middlewares/ST/STM32_USB_Device_Library/Core/Src/usbd_core.o
                0x0000000008007b4e                USBD_GetNextDesc
 .text.SWAPBYTE
                0x0000000008007b88       0x3c ./Middlewares/ST/STM32_USB_Device_Library/Core/Src/usbd_ctlreq.o
 .text.USBD_StdDevReq
                0x0000000008007bc4       0xe4 ./Middlewares/ST/STM32_USB_Device_Library/Core/Src/usbd_ctlreq.o
                0x0000000008007bc4                USBD_StdDevReq
 .text.USBD_StdItfReq
                0x0000000008007ca8       0xd8 ./Middlewares/ST/STM32_USB_Device_Library/Core/Src/usbd_ctlreq.o
                0x0000000008007ca8                USBD_StdItfReq
 .text.USBD_StdEPReq
                0x0000000008007d80      0x33a ./Middlewares/ST/STM32_USB_Device_Library/Core/Src/usbd_ctlreq.o
                0x0000000008007d80                USBD_StdEPReq
 *fill*         0x00000000080080ba        0x2 
 .text.USBD_GetDescriptor
                0x00000000080080bc      0x328 ./Middlewares/ST/STM32_USB_Device_Library/Core/Src/usbd_ctlreq.o
 .text.USBD_SetAddress
                0x00000000080083e4       0x88 ./Middlewares/ST/STM32_USB_Device_Library/Core/Src/usbd_ctlreq.o
 .text.USBD_SetConfig
                0x000000000800846c      0x154 ./Middlewares/ST/STM32_USB_Device_Library/Core/Src/usbd_ctlreq.o
 .text.USBD_GetConfig
                0x00000000080085c0       0x6c ./Middlewares/ST/STM32_USB_Device_Library/Core/Src/usbd_ctlreq.o
 .text.USBD_GetStatus
                0x000000000800862c       0x68 ./Middlewares/ST/STM32_USB_Device_Library/Core/Src/usbd_ctlreq.o
 .text.USBD_SetFeature
                0x0000000008008694       0x52 ./Middlewares/ST/STM32_USB_Device_Library/Core/Src/usbd_ctlreq.o
 .text.USBD_ClrFeature
                0x00000000080086e6       0x44 ./Middlewares/ST/STM32_USB_Device_Library/Core/Src/usbd_ctlreq.o
 .text.USBD_ParseSetupRequest
                0x000000000800872a       0x74 ./Middlewares/ST/STM32_USB_Device_Library/Core/Src/usbd_ctlreq.o
                0x000000000800872a                USBD_ParseSetupRequest
 .text.USBD_CtlError
                0x000000000800879e       0x22 ./Middlewares/ST/STM32_USB_Device_Library/Core/Src/usbd_ctlreq.o
                0x000000000800879e                USBD_CtlError
 .text.USBD_GetString
                0x00000000080087c0       0x8c ./Middlewares/ST/STM32_USB_Device_Library/Core/Src/usbd_ctlreq.o
                0x00000000080087c0                USBD_GetString
 .text.USBD_GetLen
                0x000000000800884c       0x34 ./Middlewares/ST/STM32_USB_Device_Library/Core/Src/usbd_ctlreq.o
 .text.USBD_CtlSendData
                0x0000000008008880       0x36 ./Middlewares/ST/STM32_USB_Device_Library/Core/Src/usbd_ioreq.o
                0x0000000008008880                USBD_CtlSendData
 .text.USBD_CtlContinueSendData
                0x00000000080088b6       0x22 ./Middlewares/ST/STM32_USB_Device_Library/Core/Src/usbd_ioreq.o
                0x00000000080088b6                USBD_CtlContinueSendData
 .text.USBD_CtlPrepareRx
                0x00000000080088d8       0x3a ./Middlewares/ST/STM32_USB_Device_Library/Core/Src/usbd_ioreq.o
                0x00000000080088d8                USBD_CtlPrepareRx
 .text.USBD_CtlContinueRx
                0x0000000008008912       0x22 ./Middlewares/ST/STM32_USB_Device_Library/Core/Src/usbd_ioreq.o
                0x0000000008008912                USBD_CtlContinueRx
 .text.USBD_CtlSendStatus
                0x0000000008008934       0x26 ./Middlewares/ST/STM32_USB_Device_Library/Core/Src/usbd_ioreq.o
                0x0000000008008934                USBD_CtlSendStatus
 .text.USBD_CtlReceiveStatus
                0x000000000800895a       0x26 ./Middlewares/ST/STM32_USB_Device_Library/Core/Src/usbd_ioreq.o
                0x000000000800895a                USBD_CtlReceiveStatus
 .text.MX_USB_DEVICE_Init
                0x0000000008008980       0x60 ./USB_DEVICE/App/usb_device.o
                0x0000000008008980                MX_USB_DEVICE_Init
 .text.CUSTOM_HID_Init_FS
                0x00000000080089e0       0x10 ./USB_DEVICE/App/usbd_custom_hid_if.o
 .text.CUSTOM_HID_DeInit_FS
                0x00000000080089f0       0x10 ./USB_DEVICE/App/usbd_custom_hid_if.o
 .text.CUSTOM_HID_OutEvent_FS
                0x0000000008008a00       0x28 ./USB_DEVICE/App/usbd_custom_hid_if.o
 .text.USBD_CUSTOM_HID_SendReport_FS
                0x0000000008008a28       0x28 ./USB_DEVICE/App/usbd_custom_hid_if.o
                0x0000000008008a28                USBD_CUSTOM_HID_SendReport_FS
 .text.USBD_FS_DeviceDescriptor
                0x0000000008008a50       0x24 ./USB_DEVICE/App/usbd_desc.o
                0x0000000008008a50                USBD_FS_DeviceDescriptor
 .text.USBD_FS_LangIDStrDescriptor
                0x0000000008008a74       0x24 ./USB_DEVICE/App/usbd_desc.o
                0x0000000008008a74                USBD_FS_LangIDStrDescriptor
 .text.USBD_FS_ProductStrDescriptor
                0x0000000008008a98       0x3c ./USB_DEVICE/App/usbd_desc.o
                0x0000000008008a98                USBD_FS_ProductStrDescriptor
 .text.USBD_FS_ManufacturerStrDescriptor
                0x0000000008008ad4       0x28 ./USB_DEVICE/App/usbd_desc.o
                0x0000000008008ad4                USBD_FS_ManufacturerStrDescriptor
 .text.USBD_FS_SerialStrDescriptor
                0x0000000008008afc       0x24 ./USB_DEVICE/App/usbd_desc.o
                0x0000000008008afc                USBD_FS_SerialStrDescriptor
 .text.USBD_FS_ConfigStrDescriptor
                0x0000000008008b20       0x3c ./USB_DEVICE/App/usbd_desc.o
                0x0000000008008b20                USBD_FS_ConfigStrDescriptor
 .text.USBD_FS_InterfaceStrDescriptor
                0x0000000008008b5c       0x3c ./USB_DEVICE/App/usbd_desc.o
                0x0000000008008b5c                USBD_FS_InterfaceStrDescriptor
 .text.USBD_FS_USR_BOSDescriptor
                0x0000000008008b98       0x24 ./USB_DEVICE/App/usbd_desc.o
                0x0000000008008b98                USBD_FS_USR_BOSDescriptor
 .text.Get_SerialNum
                0x0000000008008bbc       0x58 ./USB_DEVICE/App/usbd_desc.o
 .text.IntToUnicode
                0x0000000008008c14       0x7e ./USB_DEVICE/App/usbd_desc.o
 *fill*         0x0000000008008c92        0x2 
 .text.HAL_PCD_MspInit
                0x0000000008008c94      0x148 ./USB_DEVICE/Target/usbd_conf.o
                0x0000000008008c94                HAL_PCD_MspInit
 .text.HAL_PCD_SetupStageCallback
                0x0000000008008ddc       0x24 ./USB_DEVICE/Target/usbd_conf.o
                0x0000000008008ddc                HAL_PCD_SetupStageCallback
 .text.HAL_PCD_DataOutStageCallback
                0x0000000008008e00       0x36 ./USB_DEVICE/Target/usbd_conf.o
                0x0000000008008e00                HAL_PCD_DataOutStageCallback
 .text.HAL_PCD_DataInStageCallback
                0x0000000008008e36       0x34 ./USB_DEVICE/Target/usbd_conf.o
                0x0000000008008e36                HAL_PCD_DataInStageCallback
 .text.HAL_PCD_SOFCallback
                0x0000000008008e6a       0x1c ./USB_DEVICE/Target/usbd_conf.o
                0x0000000008008e6a                HAL_PCD_SOFCallback
 .text.HAL_PCD_ResetCallback
                0x0000000008008e86       0x3c ./USB_DEVICE/Target/usbd_conf.o
                0x0000000008008e86                HAL_PCD_ResetCallback
 *fill*         0x0000000008008ec2        0x2 
 .text.HAL_PCD_SuspendCallback
                0x0000000008008ec4       0x4c ./USB_DEVICE/Target/usbd_conf.o
                0x0000000008008ec4                HAL_PCD_SuspendCallback
 .text.HAL_PCD_ResumeCallback
                0x0000000008008f10       0x50 ./USB_DEVICE/Target/usbd_conf.o
                0x0000000008008f10                HAL_PCD_ResumeCallback
 .text.HAL_PCD_ISOOUTIncompleteCallback
                0x0000000008008f60       0x24 ./USB_DEVICE/Target/usbd_conf.o
                0x0000000008008f60                HAL_PCD_ISOOUTIncompleteCallback
 .text.HAL_PCD_ISOINIncompleteCallback
                0x0000000008008f84       0x24 ./USB_DEVICE/Target/usbd_conf.o
                0x0000000008008f84                HAL_PCD_ISOINIncompleteCallback
 .text.HAL_PCD_ConnectCallback
                0x0000000008008fa8       0x1c ./USB_DEVICE/Target/usbd_conf.o
                0x0000000008008fa8                HAL_PCD_ConnectCallback
 .text.HAL_PCD_DisconnectCallback
                0x0000000008008fc4       0x1c ./USB_DEVICE/Target/usbd_conf.o
                0x0000000008008fc4                HAL_PCD_DisconnectCallback
 .text.USBD_LL_Init
                0x0000000008008fe0       0x98 ./USB_DEVICE/Target/usbd_conf.o
                0x0000000008008fe0                USBD_LL_Init
 .text.USBD_LL_Start
                0x0000000008009078       0x64 ./USB_DEVICE/Target/usbd_conf.o
                0x0000000008009078                USBD_LL_Start
 .text.USBD_LL_OpenEP
                0x00000000080090dc       0x7c ./USB_DEVICE/Target/usbd_conf.o
                0x00000000080090dc                USBD_LL_OpenEP
 .text.USBD_LL_CloseEP
                0x0000000008009158       0x6c ./USB_DEVICE/Target/usbd_conf.o
                0x0000000008009158                USBD_LL_CloseEP
 .text.USBD_LL_StallEP
                0x00000000080091c4       0x6c ./USB_DEVICE/Target/usbd_conf.o
                0x00000000080091c4                USBD_LL_StallEP
 .text.USBD_LL_ClearStallEP
                0x0000000008009230       0x6c ./USB_DEVICE/Target/usbd_conf.o
                0x0000000008009230                USBD_LL_ClearStallEP
 .text.USBD_LL_IsStallEP
                0x000000000800929c       0x58 ./USB_DEVICE/Target/usbd_conf.o
                0x000000000800929c                USBD_LL_IsStallEP
 .text.USBD_LL_SetUSBAddress
                0x00000000080092f4       0x6c ./USB_DEVICE/Target/usbd_conf.o
                0x00000000080092f4                USBD_LL_SetUSBAddress
 .text.USBD_LL_Transmit
                0x0000000008009360       0x70 ./USB_DEVICE/Target/usbd_conf.o
                0x0000000008009360                USBD_LL_Transmit
 .text.USBD_LL_PrepareReceive
                0x00000000080093d0       0x70 ./USB_DEVICE/Target/usbd_conf.o
                0x00000000080093d0                USBD_LL_PrepareReceive
 .text.HAL_PCDEx_LPM_Callback
                0x0000000008009440       0x9c ./USB_DEVICE/Target/usbd_conf.o
                0x0000000008009440                HAL_PCDEx_LPM_Callback
 .text.USBD_static_malloc
                0x00000000080094dc       0x1c ./USB_DEVICE/Target/usbd_conf.o
                0x00000000080094dc                USBD_static_malloc
 .text.USBD_static_free
                0x00000000080094f8       0x14 ./USB_DEVICE/Target/usbd_conf.o
                0x00000000080094f8                USBD_static_free
 .text.SystemClockConfig_Resume
                0x000000000800950c        0xc ./USB_DEVICE/Target/usbd_conf.o
 .text.memset   0x0000000008009518       0x10 C:/ST/STM32CubeIDE_1.13.0/STM32CubeIDE/plugins/com.st.stm32cube.ide.mcu.externaltools.gnu-tools-for-stm32.11.3.rel1.win32_1.1.0.202305231506/tools/bin/../lib/gcc/arm-none-eabi/11.3.1/../../../../arm-none-eabi/lib/thumb/v7e-m+fp/hard\libc_nano.a(libc_a-memset.o)
                0x0000000008009518                memset
 .text.__libc_init_array
                0x0000000008009528       0x48 C:/ST/STM32CubeIDE_1.13.0/STM32CubeIDE/plugins/com.st.stm32cube.ide.mcu.externaltools.gnu-tools-for-stm32.11.3.rel1.win32_1.1.0.202305231506/tools/bin/../lib/gcc/arm-none-eabi/11.3.1/../../../../arm-none-eabi/lib/thumb/v7e-m+fp/hard\libc_nano.a(libc_a-init.o)
                0x0000000008009528                __libc_init_array
 *(.glue_7)
 .glue_7        0x0000000008009570        0x0 linker stubs
 *(.glue_7t)
 .glue_7t       0x0000000008009570        0x0 linker stubs
 *(.eh_frame)
 .eh_frame      0x0000000008009570        0x0 C:/ST/STM32CubeIDE_1.13.0/STM32CubeIDE/plugins/com.st.stm32cube.ide.mcu.externaltools.gnu-tools-for-stm32.11.3.rel1.win32_1.1.0.202305231506/tools/bin/../lib/gcc/arm-none-eabi/11.3.1/thumb/v7e-m+fp/hard/crtbegin.o
 *(.init)
 .init          0x0000000008009570        0x4 C:/ST/STM32CubeIDE_1.13.0/STM32CubeIDE/plugins/com.st.stm32cube.ide.mcu.externaltools.gnu-tools-for-stm32.11.3.rel1.win32_1.1.0.202305231506/tools/bin/../lib/gcc/arm-none-eabi/11.3.1/thumb/v7e-m+fp/hard/crti.o
                0x0000000008009570                _init
 .init          0x0000000008009574        0x8 C:/ST/STM32CubeIDE_1.13.0/STM32CubeIDE/plugins/com.st.stm32cube.ide.mcu.externaltools.gnu-tools-for-stm32.11.3.rel1.win32_1.1.0.202305231506/tools/bin/../lib/gcc/arm-none-eabi/11.3.1/thumb/v7e-m+fp/hard/crtn.o
 *(.fini)
 .fini          0x000000000800957c        0x4 C:/ST/STM32CubeIDE_1.13.0/STM32CubeIDE/plugins/com.st.stm32cube.ide.mcu.externaltools.gnu-tools-for-stm32.11.3.rel1.win32_1.1.0.202305231506/tools/bin/../lib/gcc/arm-none-eabi/11.3.1/thumb/v7e-m+fp/hard/crti.o
                0x000000000800957c                _fini
 .fini          0x0000000008009580        0x8 C:/ST/STM32CubeIDE_1.13.0/STM32CubeIDE/plugins/com.st.stm32cube.ide.mcu.externaltools.gnu-tools-for-stm32.11.3.rel1.win32_1.1.0.202305231506/tools/bin/../lib/gcc/arm-none-eabi/11.3.1/thumb/v7e-m+fp/hard/crtn.o
                0x0000000008009588                . = ALIGN (0x4)
                0x0000000008009588                _etext = .

.vfp11_veneer   0x0000000008009588        0x0
 .vfp11_veneer  0x0000000008009588        0x0 linker stubs

.v4_bx          0x0000000008009588        0x0
 .v4_bx         0x0000000008009588        0x0 linker stubs

.iplt           0x0000000008009588        0x0
 .iplt          0x0000000008009588        0x0 C:/ST/STM32CubeIDE_1.13.0/STM32CubeIDE/plugins/com.st.stm32cube.ide.mcu.externaltools.gnu-tools-for-stm32.11.3.rel1.win32_1.1.0.202305231506/tools/bin/../lib/gcc/arm-none-eabi/11.3.1/thumb/v7e-m+fp/hard/crtbegin.o

.rodata         0x0000000008009588       0xb0
                0x0000000008009588                . = ALIGN (0x4)
 *(.rodata)
 .rodata        0x0000000008009588        0x5 ./Core/Src/main.o
 *fill*         0x000000000800958d        0x3 
 .rodata        0x0000000008009590       0x5d ./USB_DEVICE/App/usbd_desc.o
 *(.rodata*)
 *fill*         0x00000000080095ed        0x3 
 .rodata.AHBPrescTable
                0x00000000080095f0       0x10 ./Core/Src/system_stm32l4xx.o
                0x00000000080095f0                AHBPrescTable
 .rodata.APBPrescTable
                0x0000000008009600        0x8 ./Core/Src/system_stm32l4xx.o
                0x0000000008009600                APBPrescTable
 .rodata.MSIRangeTable
                0x0000000008009608       0x30 ./Core/Src/system_stm32l4xx.o
                0x0000000008009608                MSIRangeTable
                0x0000000008009638                . = ALIGN (0x4)

.ARM.extab      0x0000000008009638        0x0
                0x0000000008009638                . = ALIGN (0x4)
 *(.ARM.extab* .gnu.linkonce.armextab.*)
                0x0000000008009638                . = ALIGN (0x4)

.ARM            0x0000000008009638        0x8
                0x0000000008009638                . = ALIGN (0x4)
                0x0000000008009638                __exidx_start = .
 *(.ARM.exidx*)
 .ARM.exidx     0x0000000008009638        0x8 C:/ST/STM32CubeIDE_1.13.0/STM32CubeIDE/plugins/com.st.stm32cube.ide.mcu.externaltools.gnu-tools-for-stm32.11.3.rel1.win32_1.1.0.202305231506/tools/bin/../lib/gcc/arm-none-eabi/11.3.1/thumb/v7e-m+fp/hard\libgcc.a(_udivmoddi4.o)
                0x0000000008009640                __exidx_end = .
                0x0000000008009640                . = ALIGN (0x4)

.rel.dyn        0x0000000008009640        0x0
 .rel.iplt      0x0000000008009640        0x0 C:/ST/STM32CubeIDE_1.13.0/STM32CubeIDE/plugins/com.st.stm32cube.ide.mcu.externaltools.gnu-tools-for-stm32.11.3.rel1.win32_1.1.0.202305231506/tools/bin/../lib/gcc/arm-none-eabi/11.3.1/thumb/v7e-m+fp/hard/crtbegin.o

.preinit_array  0x0000000008009640        0x0
                0x0000000008009640                . = ALIGN (0x4)
                0x0000000008009640                PROVIDE (__preinit_array_start = .)
 *(.preinit_array*)
                0x0000000008009640                PROVIDE (__preinit_array_end = .)
                0x0000000008009640                . = ALIGN (0x4)

.init_array     0x0000000008009640        0x4
                0x0000000008009640                . = ALIGN (0x4)
                0x0000000008009640                PROVIDE (__init_array_start = .)
 *(SORT_BY_NAME(.init_array.*))
 *(.init_array*)
 .init_array    0x0000000008009640        0x4 C:/ST/STM32CubeIDE_1.13.0/STM32CubeIDE/plugins/com.st.stm32cube.ide.mcu.externaltools.gnu-tools-for-stm32.11.3.rel1.win32_1.1.0.202305231506/tools/bin/../lib/gcc/arm-none-eabi/11.3.1/thumb/v7e-m+fp/hard/crtbegin.o
                0x0000000008009644                PROVIDE (__init_array_end = .)
                0x0000000008009644                . = ALIGN (0x4)

.fini_array     0x0000000008009644        0x4
                0x0000000008009644                . = ALIGN (0x4)
                [!provide]                        PROVIDE (__fini_array_start = .)
 *(SORT_BY_NAME(.fini_array.*))
 *(.fini_array*)
 .fini_array    0x0000000008009644        0x4 C:/ST/STM32CubeIDE_1.13.0/STM32CubeIDE/plugins/com.st.stm32cube.ide.mcu.externaltools.gnu-tools-for-stm32.11.3.rel1.win32_1.1.0.202305231506/tools/bin/../lib/gcc/arm-none-eabi/11.3.1/thumb/v7e-m+fp/hard/crtbegin.o
                [!provide]                        PROVIDE (__fini_array_end = .)
                0x0000000008009648                . = ALIGN (0x4)
                0x0000000008009648                _sidata = LOADADDR (.data)

.data           0x0000000020000000      0x118 load address 0x0000000008009648
                0x0000000020000000                . = ALIGN (0x4)
                0x0000000020000000                _sdata = .
 *(.data)
 *(.data*)
 .data.SystemCoreClock
                0x0000000020000000        0x4 ./Core/Src/system_stm32l4xx.o
                0x0000000020000000                SystemCoreClock
 .data.uwTickPrio
                0x0000000020000004        0x4 ./Drivers/STM32L4xx_HAL_Driver/Src/stm32l4xx_hal.o
                0x0000000020000004                uwTickPrio
 .data.uwTickFreq
                0x0000000020000008        0x1 ./Drivers/STM32L4xx_HAL_Driver/Src/stm32l4xx_hal.o
                0x0000000020000008                uwTickFreq
 *fill*         0x0000000020000009        0x3 
 .data.USBD_CUSTOM_HID
                0x000000002000000c       0x38 ./Middlewares/ST/STM32_USB_Device_Library/Class/CustomHID/Src/usbd_customhid.o
                0x000000002000000c                USBD_CUSTOM_HID
 .data.USBD_CUSTOM_HID_CfgDesc
                0x0000000020000044       0x29 ./Middlewares/ST/STM32_USB_Device_Library/Class/CustomHID/Src/usbd_customhid.o
 *fill*         0x000000002000006d        0x3 
 .data.USBD_CUSTOM_HID_Desc
                0x0000000020000070        0x9 ./Middlewares/ST/STM32_USB_Device_Library/Class/CustomHID/Src/usbd_customhid.o
 *fill*         0x0000000020000079        0x3 
 .data.USBD_CUSTOM_HID_DeviceQualifierDesc
                0x000000002000007c        0xa ./Middlewares/ST/STM32_USB_Device_Library/Class/CustomHID/Src/usbd_customhid.o
 .data.CUSTOMHIDInEpAdd
                0x0000000020000086        0x1 ./Middlewares/ST/STM32_USB_Device_Library/Class/CustomHID/Src/usbd_customhid.o
 .data.CUSTOMHIDOutEpAdd
                0x0000000020000087        0x1 ./Middlewares/ST/STM32_USB_Device_Library/Class/CustomHID/Src/usbd_customhid.o
 .data.CUSTOM_HID_ReportDesc_FS
                0x0000000020000088       0x1d ./USB_DEVICE/App/usbd_custom_hid_if.o
 *fill*         0x00000000200000a5        0x3 
 .data.USBD_CustomHID_fops_FS
                0x00000000200000a8       0x10 ./USB_DEVICE/App/usbd_custom_hid_if.o
                0x00000000200000a8                USBD_CustomHID_fops_FS
 .data.FS_Desc  0x00000000200000b8       0x20 ./USB_DEVICE/App/usbd_desc.o
                0x00000000200000b8                FS_Desc
 .data.USBD_FS_DeviceDesc
                0x00000000200000d8       0x12 ./USB_DEVICE/App/usbd_desc.o
                0x00000000200000d8                USBD_FS_DeviceDesc
 *fill*         0x00000000200000ea        0x2 
 .data.USBD_FS_BOSDesc
                0x00000000200000ec        0xc ./USB_DEVICE/App/usbd_desc.o
                0x00000000200000ec                USBD_FS_BOSDesc
 .data.USBD_LangIDDesc
                0x00000000200000f8        0x4 ./USB_DEVICE/App/usbd_desc.o
                0x00000000200000f8                USBD_LangIDDesc
 .data.USBD_StringSerial
                0x00000000200000fc       0x1a ./USB_DEVICE/App/usbd_desc.o
                0x00000000200000fc                USBD_StringSerial
 *(.RamFunc)
 *(.RamFunc*)
                0x0000000020000118                . = ALIGN (0x4)
 *fill*         0x0000000020000116        0x2 
                0x0000000020000118                _edata = .

.igot.plt       0x0000000020000118        0x0 load address 0x0000000008009760
 .igot.plt      0x0000000020000118        0x0 C:/ST/STM32CubeIDE_1.13.0/STM32CubeIDE/plugins/com.st.stm32cube.ide.mcu.externaltools.gnu-tools-for-stm32.11.3.rel1.win32_1.1.0.202305231506/tools/bin/../lib/gcc/arm-none-eabi/11.3.1/thumb/v7e-m+fp/hard/crtbegin.o
                0x0000000020000118                . = ALIGN (0x4)

.bss            0x0000000020000118      0xca8 load address 0x0000000008009760
                0x0000000020000118                _sbss = .
                0x0000000020000118                __bss_start__ = _sbss
 *(.bss)
 .bss           0x0000000020000118       0x1c C:/ST/STM32CubeIDE_1.13.0/STM32CubeIDE/plugins/com.st.stm32cube.ide.mcu.externaltools.gnu-tools-for-stm32.11.3.rel1.win32_1.1.0.202305231506/tools/bin/../lib/gcc/arm-none-eabi/11.3.1/thumb/v7e-m+fp/hard/crtbegin.o
 *(.bss*)
 .bss.lcd_chars
                0x0000000020000134        0x1 ./Core/Src/hd44780.o
                0x0000000020000134                lcd_chars
 .bss.lcd_lines
                0x0000000020000135        0x1 ./Core/Src/hd44780.o
                0x0000000020000135                lcd_lines
 *fill*         0x0000000020000136        0x2 
 .bss.lcd_line_addresses
                0x0000000020000138        0x4 ./Core/Src/hd44780.o
                0x0000000020000138                lcd_line_addresses
 .bss._lcd_char
                0x000000002000013c        0x1 ./Core/Src/hd44780.o
                0x000000002000013c                _lcd_char
 .bss._lcd_line
                0x000000002000013d        0x1 ./Core/Src/hd44780.o
                0x000000002000013d                _lcd_line
 *fill*         0x000000002000013e        0x2 
 .bss.hdfsdm1_channel1
                0x0000000020000140       0x38 ./Core/Src/main.o
                0x0000000020000140                hdfsdm1_channel1
 .bss.hi2c2     0x0000000020000178       0x54 ./Core/Src/main.o
                0x0000000020000178                hi2c2
 .bss.hqspi     0x00000000200001cc       0x44 ./Core/Src/main.o
                0x00000000200001cc                hqspi
 .bss.hspi3     0x0000000020000210       0x64 ./Core/Src/main.o
                0x0000000020000210                hspi3
 .bss.huart1    0x0000000020000274       0x88 ./Core/Src/main.o
                0x0000000020000274                huart1
 .bss.huart3    0x00000000200002fc       0x88 ./Core/Src/main.o
                0x00000000200002fc                huart3
 .bss.DFSDM1_Init
                0x0000000020000384        0x4 ./Core/Src/stm32l4xx_hal_msp.o
 .bss.uwTick    0x0000000020000388        0x4 ./Drivers/STM32L4xx_HAL_Driver/Src/stm32l4xx_hal.o
                0x0000000020000388                uwTick
 .bss.v_dfsdm1ChannelCounter
                0x000000002000038c        0x4 ./Drivers/STM32L4xx_HAL_Driver/Src/stm32l4xx_hal_dfsdm.o
 .bss.a_dfsdm1ChannelHandle
                0x0000000020000390       0x20 ./Drivers/STM32L4xx_HAL_Driver/Src/stm32l4xx_hal_dfsdm.o
 .bss.cfgidx.0  0x00000000200003b0        0x1 ./Middlewares/ST/STM32_USB_Device_Library/Core/Src/usbd_ctlreq.o
 *fill*         0x00000000200003b1        0x3 
 .bss.hUsbDeviceFS
                0x00000000200003b4      0x2dc ./USB_DEVICE/App/usb_device.o
                0x00000000200003b4                hUsbDeviceFS
 .bss.miflag    0x0000000020000690        0x1 ./USB_DEVICE/App/usbd_custom_hid_if.o
                0x0000000020000690                miflag
 *fill*         0x0000000020000691        0x3 
 .bss.USBD_StrDesc
                0x0000000020000694      0x200 ./USB_DEVICE/App/usbd_desc.o
                0x0000000020000694                USBD_StrDesc
 .bss.hpcd_USB_OTG_FS
                0x0000000020000894      0x50c ./USB_DEVICE/Target/usbd_conf.o
                0x0000000020000894                hpcd_USB_OTG_FS
 .bss.mem.0     0x0000000020000da0       0x20 ./USB_DEVICE/Target/usbd_conf.o
 *(COMMON)
                0x0000000020000dc0                . = ALIGN (0x4)
                0x0000000020000dc0                _ebss = .
                0x0000000020000dc0                __bss_end__ = _ebss

._user_heap_stack
                0x0000000020000dc0      0x600 load address 0x0000000008009760
                0x0000000020000dc0                . = ALIGN (0x8)
                [!provide]                        PROVIDE (end = .)
                0x0000000020000dc0                PROVIDE (_end = .)
                0x0000000020000fc0                . = (. + _Min_Heap_Size)
 *fill*         0x0000000020000dc0      0x200 
                0x00000000200013c0                . = (. + _Min_Stack_Size)
 *fill*         0x0000000020000fc0      0x400 
                0x00000000200013c0                . = ALIGN (0x8)

/DISCARD/
 libc.a(*)
 libm.a(*)
 libgcc.a(*)

.ARM.attributes
                0x0000000000000000       0x30
 *(.ARM.attributes)
 .ARM.attributes
                0x0000000000000000       0x1e C:/ST/STM32CubeIDE_1.13.0/STM32CubeIDE/plugins/com.st.stm32cube.ide.mcu.externaltools.gnu-tools-for-stm32.11.3.rel1.win32_1.1.0.202305231506/tools/bin/../lib/gcc/arm-none-eabi/11.3.1/thumb/v7e-m+fp/hard/crti.o
 .ARM.attributes
                0x000000000000001e       0x34 C:/ST/STM32CubeIDE_1.13.0/STM32CubeIDE/plugins/com.st.stm32cube.ide.mcu.externaltools.gnu-tools-for-stm32.11.3.rel1.win32_1.1.0.202305231506/tools/bin/../lib/gcc/arm-none-eabi/11.3.1/thumb/v7e-m+fp/hard/crtbegin.o
 .ARM.attributes
                0x0000000000000052       0x34 ./Core/Src/hd44780.o
 .ARM.attributes
                0x0000000000000086       0x34 ./Core/Src/main.o
 .ARM.attributes
                0x00000000000000ba       0x34 ./Core/Src/stm32l4xx_hal_msp.o
 .ARM.attributes
                0x00000000000000ee       0x34 ./Core/Src/stm32l4xx_it.o
 .ARM.attributes
                0x0000000000000122       0x34 ./Core/Src/system_stm32l4xx.o
 .ARM.attributes
                0x0000000000000156       0x21 ./Core/Startup/startup_stm32l475vgtx.o
 .ARM.attributes
                0x0000000000000177       0x34 ./Drivers/STM32L4xx_HAL_Driver/Src/stm32l4xx_hal.o
 .ARM.attributes
                0x00000000000001ab       0x34 ./Drivers/STM32L4xx_HAL_Driver/Src/stm32l4xx_hal_cortex.o
 .ARM.attributes
                0x00000000000001df       0x34 ./Drivers/STM32L4xx_HAL_Driver/Src/stm32l4xx_hal_dfsdm.o
 .ARM.attributes
                0x0000000000000213       0x34 ./Drivers/STM32L4xx_HAL_Driver/Src/stm32l4xx_hal_gpio.o
 .ARM.attributes
                0x0000000000000247       0x34 ./Drivers/STM32L4xx_HAL_Driver/Src/stm32l4xx_hal_i2c.o
 .ARM.attributes
                0x000000000000027b       0x34 ./Drivers/STM32L4xx_HAL_Driver/Src/stm32l4xx_hal_i2c_ex.o
 .ARM.attributes
                0x00000000000002af       0x34 ./Drivers/STM32L4xx_HAL_Driver/Src/stm32l4xx_hal_pcd.o
 .ARM.attributes
                0x00000000000002e3       0x34 ./Drivers/STM32L4xx_HAL_Driver/Src/stm32l4xx_hal_pcd_ex.o
 .ARM.attributes
                0x0000000000000317       0x34 ./Drivers/STM32L4xx_HAL_Driver/Src/stm32l4xx_hal_pwr.o
 .ARM.attributes
                0x000000000000034b       0x34 ./Drivers/STM32L4xx_HAL_Driver/Src/stm32l4xx_hal_pwr_ex.o
 .ARM.attributes
                0x000000000000037f       0x34 ./Drivers/STM32L4xx_HAL_Driver/Src/stm32l4xx_hal_qspi.o
 .ARM.attributes
                0x00000000000003b3       0x34 ./Drivers/STM32L4xx_HAL_Driver/Src/stm32l4xx_hal_rcc.o
 .ARM.attributes
                0x00000000000003e7       0x34 ./Drivers/STM32L4xx_HAL_Driver/Src/stm32l4xx_hal_rcc_ex.o
 .ARM.attributes
                0x000000000000041b       0x34 ./Drivers/STM32L4xx_HAL_Driver/Src/stm32l4xx_hal_spi.o
 .ARM.attributes
                0x000000000000044f       0x34 ./Drivers/STM32L4xx_HAL_Driver/Src/stm32l4xx_hal_uart.o
 .ARM.attributes
                0x0000000000000483       0x34 ./Drivers/STM32L4xx_HAL_Driver/Src/stm32l4xx_ll_usb.o
 .ARM.attributes
                0x00000000000004b7       0x34 ./Middlewares/ST/STM32_USB_Device_Library/Class/CustomHID/Src/usbd_customhid.o
 .ARM.attributes
                0x00000000000004eb       0x34 ./Middlewares/ST/STM32_USB_Device_Library/Core/Src/usbd_core.o
 .ARM.attributes
                0x000000000000051f       0x34 ./Middlewares/ST/STM32_USB_Device_Library/Core/Src/usbd_ctlreq.o
 .ARM.attributes
                0x0000000000000553       0x34 ./Middlewares/ST/STM32_USB_Device_Library/Core/Src/usbd_ioreq.o
 .ARM.attributes
                0x0000000000000587       0x34 ./USB_DEVICE/App/usb_device.o
 .ARM.attributes
                0x00000000000005bb       0x34 ./USB_DEVICE/App/usbd_custom_hid_if.o
 .ARM.attributes
                0x00000000000005ef       0x34 ./USB_DEVICE/App/usbd_desc.o
 .ARM.attributes
                0x0000000000000623       0x34 ./USB_DEVICE/Target/usbd_conf.o
 .ARM.attributes
                0x0000000000000657       0x34 C:/ST/STM32CubeIDE_1.13.0/STM32CubeIDE/plugins/com.st.stm32cube.ide.mcu.externaltools.gnu-tools-for-stm32.11.3.rel1.win32_1.1.0.202305231506/tools/bin/../lib/gcc/arm-none-eabi/11.3.1/../../../../arm-none-eabi/lib/thumb/v7e-m+fp/hard\libc_nano.a(libc_a-memset.o)
 .ARM.attributes
                0x000000000000068b       0x34 C:/ST/STM32CubeIDE_1.13.0/STM32CubeIDE/plugins/com.st.stm32cube.ide.mcu.externaltools.gnu-tools-for-stm32.11.3.rel1.win32_1.1.0.202305231506/tools/bin/../lib/gcc/arm-none-eabi/11.3.1/../../../../arm-none-eabi/lib/thumb/v7e-m+fp/hard\libc_nano.a(libc_a-init.o)
 .ARM.attributes
                0x00000000000006bf       0x1e C:/ST/STM32CubeIDE_1.13.0/STM32CubeIDE/plugins/com.st.stm32cube.ide.mcu.externaltools.gnu-tools-for-stm32.11.3.rel1.win32_1.1.0.202305231506/tools/bin/../lib/gcc/arm-none-eabi/11.3.1/thumb/v7e-m+fp/hard\libgcc.a(_aeabi_uldivmod.o)
 .ARM.attributes
                0x00000000000006dd       0x34 C:/ST/STM32CubeIDE_1.13.0/STM32CubeIDE/plugins/com.st.stm32cube.ide.mcu.externaltools.gnu-tools-for-stm32.11.3.rel1.win32_1.1.0.202305231506/tools/bin/../lib/gcc/arm-none-eabi/11.3.1/thumb/v7e-m+fp/hard\libgcc.a(_udivmoddi4.o)
 .ARM.attributes
                0x0000000000000711       0x1e C:/ST/STM32CubeIDE_1.13.0/STM32CubeIDE/plugins/com.st.stm32cube.ide.mcu.externaltools.gnu-tools-for-stm32.11.3.rel1.win32_1.1.0.202305231506/tools/bin/../lib/gcc/arm-none-eabi/11.3.1/thumb/v7e-m+fp/hard\libgcc.a(_dvmd_tls.o)
 .ARM.attributes
                0x000000000000072f       0x1e C:/ST/STM32CubeIDE_1.13.0/STM32CubeIDE/plugins/com.st.stm32cube.ide.mcu.externaltools.gnu-tools-for-stm32.11.3.rel1.win32_1.1.0.202305231506/tools/bin/../lib/gcc/arm-none-eabi/11.3.1/thumb/v7e-m+fp/hard/crtn.o
OUTPUT(P6_Fase3_2intento.elf elf32-littlearm)
LOAD linker stubs
LOAD C:/ST/STM32CubeIDE_1.13.0/STM32CubeIDE/plugins/com.st.stm32cube.ide.mcu.externaltools.gnu-tools-for-stm32.11.3.rel1.win32_1.1.0.202305231506/tools/bin/../lib/gcc/arm-none-eabi/11.3.1/../../../../arm-none-eabi/lib/thumb/v7e-m+fp/hard\libc.a
LOAD C:/ST/STM32CubeIDE_1.13.0/STM32CubeIDE/plugins/com.st.stm32cube.ide.mcu.externaltools.gnu-tools-for-stm32.11.3.rel1.win32_1.1.0.202305231506/tools/bin/../lib/gcc/arm-none-eabi/11.3.1/../../../../arm-none-eabi/lib/thumb/v7e-m+fp/hard\libm.a
LOAD C:/ST/STM32CubeIDE_1.13.0/STM32CubeIDE/plugins/com.st.stm32cube.ide.mcu.externaltools.gnu-tools-for-stm32.11.3.rel1.win32_1.1.0.202305231506/tools/bin/../lib/gcc/arm-none-eabi/11.3.1/thumb/v7e-m+fp/hard\libgcc.a

.comment        0x0000000000000000       0x43
 .comment       0x0000000000000000       0x43 C:/ST/STM32CubeIDE_1.13.0/STM32CubeIDE/plugins/com.st.stm32cube.ide.mcu.externaltools.gnu-tools-for-stm32.11.3.rel1.win32_1.1.0.202305231506/tools/bin/../lib/gcc/arm-none-eabi/11.3.1/thumb/v7e-m+fp/hard/crtbegin.o
                                         0x44 (size before relaxing)
 .comment       0x0000000000000043       0x44 ./Core/Src/hd44780.o
 .comment       0x0000000000000043       0x44 ./Core/Src/main.o
 .comment       0x0000000000000043       0x44 ./Core/Src/stm32l4xx_hal_msp.o
 .comment       0x0000000000000043       0x44 ./Core/Src/stm32l4xx_it.o
 .comment       0x0000000000000043       0x44 ./Core/Src/system_stm32l4xx.o
 .comment       0x0000000000000043       0x44 ./Drivers/STM32L4xx_HAL_Driver/Src/stm32l4xx_hal.o
 .comment       0x0000000000000043       0x44 ./Drivers/STM32L4xx_HAL_Driver/Src/stm32l4xx_hal_cortex.o
 .comment       0x0000000000000043       0x44 ./Drivers/STM32L4xx_HAL_Driver/Src/stm32l4xx_hal_dfsdm.o
 .comment       0x0000000000000043       0x44 ./Drivers/STM32L4xx_HAL_Driver/Src/stm32l4xx_hal_gpio.o
 .comment       0x0000000000000043       0x44 ./Drivers/STM32L4xx_HAL_Driver/Src/stm32l4xx_hal_i2c.o
 .comment       0x0000000000000043       0x44 ./Drivers/STM32L4xx_HAL_Driver/Src/stm32l4xx_hal_i2c_ex.o
 .comment       0x0000000000000043       0x44 ./Drivers/STM32L4xx_HAL_Driver/Src/stm32l4xx_hal_pcd.o
 .comment       0x0000000000000043       0x44 ./Drivers/STM32L4xx_HAL_Driver/Src/stm32l4xx_hal_pcd_ex.o
 .comment       0x0000000000000043       0x44 ./Drivers/STM32L4xx_HAL_Driver/Src/stm32l4xx_hal_pwr.o
 .comment       0x0000000000000043       0x44 ./Drivers/STM32L4xx_HAL_Driver/Src/stm32l4xx_hal_pwr_ex.o
 .comment       0x0000000000000043       0x44 ./Drivers/STM32L4xx_HAL_Driver/Src/stm32l4xx_hal_qspi.o
 .comment       0x0000000000000043       0x44 ./Drivers/STM32L4xx_HAL_Driver/Src/stm32l4xx_hal_rcc.o
 .comment       0x0000000000000043       0x44 ./Drivers/STM32L4xx_HAL_Driver/Src/stm32l4xx_hal_rcc_ex.o
 .comment       0x0000000000000043       0x44 ./Drivers/STM32L4xx_HAL_Driver/Src/stm32l4xx_hal_spi.o
 .comment       0x0000000000000043       0x44 ./Drivers/STM32L4xx_HAL_Driver/Src/stm32l4xx_hal_uart.o
 .comment       0x0000000000000043       0x44 ./Drivers/STM32L4xx_HAL_Driver/Src/stm32l4xx_ll_usb.o
 .comment       0x0000000000000043       0x44 ./Middlewares/ST/STM32_USB_Device_Library/Class/CustomHID/Src/usbd_customhid.o
 .comment       0x0000000000000043       0x44 ./Middlewares/ST/STM32_USB_Device_Library/Core/Src/usbd_core.o
 .comment       0x0000000000000043       0x44 ./Middlewares/ST/STM32_USB_Device_Library/Core/Src/usbd_ctlreq.o
 .comment       0x0000000000000043       0x44 ./Middlewares/ST/STM32_USB_Device_Library/Core/Src/usbd_ioreq.o
 .comment       0x0000000000000043       0x44 ./USB_DEVICE/App/usb_device.o
 .comment       0x0000000000000043       0x44 ./USB_DEVICE/App/usbd_custom_hid_if.o
 .comment       0x0000000000000043       0x44 ./USB_DEVICE/App/usbd_desc.o
 .comment       0x0000000000000043       0x44 ./USB_DEVICE/Target/usbd_conf.o

.debug_info     0x0000000000000000    0x1d52f
 .debug_info    0x0000000000000000      0x3f9 ./Core/Src/hd44780.o
 .debug_info    0x00000000000003f9     0x20e8 ./Core/Src/main.o
 .debug_info    0x00000000000024e1     0x1998 ./Core/Src/stm32l4xx_hal_msp.o
 .debug_info    0x0000000000003e79      0x6d0 ./Core/Src/stm32l4xx_it.o
 .debug_info    0x0000000000004549      0x5b1 ./Core/Src/system_stm32l4xx.o
 .debug_info    0x0000000000004afa       0x23 ./Core/Startup/startup_stm32l475vgtx.o
 .debug_info    0x0000000000004b1d      0xae5 ./Drivers/STM32L4xx_HAL_Driver/Src/stm32l4xx_hal.o
 .debug_info    0x0000000000005602      0xd46 ./Drivers/STM32L4xx_HAL_Driver/Src/stm32l4xx_hal_cortex.o
 .debug_info    0x0000000000006348     0x1a51 ./Drivers/STM32L4xx_HAL_Driver/Src/stm32l4xx_hal_dfsdm.o
 .debug_info    0x0000000000007d99      0x757 ./Drivers/STM32L4xx_HAL_Driver/Src/stm32l4xx_hal_gpio.o
 .debug_info    0x00000000000084f0     0x2093 ./Drivers/STM32L4xx_HAL_Driver/Src/stm32l4xx_hal_i2c.o
 .debug_info    0x000000000000a583      0x981 ./Drivers/STM32L4xx_HAL_Driver/Src/stm32l4xx_hal_i2c_ex.o
 .debug_info    0x000000000000af04     0x14c8 ./Drivers/STM32L4xx_HAL_Driver/Src/stm32l4xx_hal_pcd.o
 .debug_info    0x000000000000c3cc      0x89e ./Drivers/STM32L4xx_HAL_Driver/Src/stm32l4xx_hal_pcd_ex.o
 .debug_info    0x000000000000cc6a      0x91e ./Drivers/STM32L4xx_HAL_Driver/Src/stm32l4xx_hal_pwr.o
 .debug_info    0x000000000000d588      0x97a ./Drivers/STM32L4xx_HAL_Driver/Src/stm32l4xx_hal_pwr_ex.o
 .debug_info    0x000000000000df02     0x1153 ./Drivers/STM32L4xx_HAL_Driver/Src/stm32l4xx_hal_qspi.o
 .debug_info    0x000000000000f055      0xc14 ./Drivers/STM32L4xx_HAL_Driver/Src/stm32l4xx_hal_rcc.o
 .debug_info    0x000000000000fc69      0xe11 ./Drivers/STM32L4xx_HAL_Driver/Src/stm32l4xx_hal_rcc_ex.o
 .debug_info    0x0000000000010a7a     0x161a ./Drivers/STM32L4xx_HAL_Driver/Src/stm32l4xx_hal_spi.o
 .debug_info    0x0000000000012094     0x3b69 ./Drivers/STM32L4xx_HAL_Driver/Src/stm32l4xx_hal_uart.o
 .debug_info    0x0000000000015bfd     0x1971 ./Drivers/STM32L4xx_HAL_Driver/Src/stm32l4xx_ll_usb.o
 .debug_info    0x000000000001756e      0xc60 ./Middlewares/ST/STM32_USB_Device_Library/Class/CustomHID/Src/usbd_customhid.o
 .debug_info    0x00000000000181ce      0xe12 ./Middlewares/ST/STM32_USB_Device_Library/Core/Src/usbd_core.o
 .debug_info    0x0000000000018fe0      0xaeb ./Middlewares/ST/STM32_USB_Device_Library/Core/Src/usbd_ctlreq.o
 .debug_info    0x0000000000019acb      0x762 ./Middlewares/ST/STM32_USB_Device_Library/Core/Src/usbd_ioreq.o
 .debug_info    0x000000000001a22d      0x6d1 ./USB_DEVICE/App/usb_device.o
 .debug_info    0x000000000001a8fe      0x717 ./USB_DEVICE/App/usbd_custom_hid_if.o
 .debug_info    0x000000000001b015      0x4ba ./USB_DEVICE/App/usbd_desc.o
 .debug_info    0x000000000001b4cf     0x2060 ./USB_DEVICE/Target/usbd_conf.o

.debug_abbrev   0x0000000000000000     0x4270
 .debug_abbrev  0x0000000000000000      0x192 ./Core/Src/hd44780.o
 .debug_abbrev  0x0000000000000192      0x360 ./Core/Src/main.o
 .debug_abbrev  0x00000000000004f2      0x21e ./Core/Src/stm32l4xx_hal_msp.o
 .debug_abbrev  0x0000000000000710      0x1a4 ./Core/Src/stm32l4xx_it.o
 .debug_abbrev  0x00000000000008b4      0x11a ./Core/Src/system_stm32l4xx.o
 .debug_abbrev  0x00000000000009ce       0x12 ./Core/Startup/startup_stm32l475vgtx.o
 .debug_abbrev  0x00000000000009e0      0x242 ./Drivers/STM32L4xx_HAL_Driver/Src/stm32l4xx_hal.o
 .debug_abbrev  0x0000000000000c22      0x327 ./Drivers/STM32L4xx_HAL_Driver/Src/stm32l4xx_hal_cortex.o
 .debug_abbrev  0x0000000000000f49      0x27e ./Drivers/STM32L4xx_HAL_Driver/Src/stm32l4xx_hal_dfsdm.o
 .debug_abbrev  0x00000000000011c7      0x1cb ./Drivers/STM32L4xx_HAL_Driver/Src/stm32l4xx_hal_gpio.o
 .debug_abbrev  0x0000000000001392      0x261 ./Drivers/STM32L4xx_HAL_Driver/Src/stm32l4xx_hal_i2c.o
 .debug_abbrev  0x00000000000015f3      0x1c3 ./Drivers/STM32L4xx_HAL_Driver/Src/stm32l4xx_hal_i2c_ex.o
 .debug_abbrev  0x00000000000017b6      0x2cf ./Drivers/STM32L4xx_HAL_Driver/Src/stm32l4xx_hal_pcd.o
 .debug_abbrev  0x0000000000001a85      0x256 ./Drivers/STM32L4xx_HAL_Driver/Src/stm32l4xx_hal_pcd_ex.o
 .debug_abbrev  0x0000000000001cdb      0x1d4 ./Drivers/STM32L4xx_HAL_Driver/Src/stm32l4xx_hal_pwr.o
 .debug_abbrev  0x0000000000001eaf      0x1f9 ./Drivers/STM32L4xx_HAL_Driver/Src/stm32l4xx_hal_pwr_ex.o
 .debug_abbrev  0x00000000000020a8      0x249 ./Drivers/STM32L4xx_HAL_Driver/Src/stm32l4xx_hal_qspi.o
 .debug_abbrev  0x00000000000022f1      0x2cb ./Drivers/STM32L4xx_HAL_Driver/Src/stm32l4xx_hal_rcc.o
 .debug_abbrev  0x00000000000025bc      0x2a6 ./Drivers/STM32L4xx_HAL_Driver/Src/stm32l4xx_hal_rcc_ex.o
 .debug_abbrev  0x0000000000002862      0x26a ./Drivers/STM32L4xx_HAL_Driver/Src/stm32l4xx_hal_spi.o
 .debug_abbrev  0x0000000000002acc      0x2d0 ./Drivers/STM32L4xx_HAL_Driver/Src/stm32l4xx_hal_uart.o
 .debug_abbrev  0x0000000000002d9c      0x2b3 ./Drivers/STM32L4xx_HAL_Driver/Src/stm32l4xx_ll_usb.o
 .debug_abbrev  0x000000000000304f      0x2d0 ./Middlewares/ST/STM32_USB_Device_Library/Class/CustomHID/Src/usbd_customhid.o
 .debug_abbrev  0x000000000000331f      0x27c ./Middlewares/ST/STM32_USB_Device_Library/Core/Src/usbd_core.o
 .debug_abbrev  0x000000000000359b      0x26f ./Middlewares/ST/STM32_USB_Device_Library/Core/Src/usbd_ctlreq.o
 .debug_abbrev  0x000000000000380a      0x19a ./Middlewares/ST/STM32_USB_Device_Library/Core/Src/usbd_ioreq.o
 .debug_abbrev  0x00000000000039a4      0x194 ./USB_DEVICE/App/usb_device.o
 .debug_abbrev  0x0000000000003b38      0x201 ./USB_DEVICE/App/usbd_custom_hid_if.o
 .debug_abbrev  0x0000000000003d39      0x1e3 ./USB_DEVICE/App/usbd_desc.o
 .debug_abbrev  0x0000000000003f1c      0x354 ./USB_DEVICE/Target/usbd_conf.o

.debug_aranges  0x0000000000000000     0x19b8
 .debug_aranges
                0x0000000000000000       0x68 ./Core/Src/hd44780.o
 .debug_aranges
                0x0000000000000068       0x68 ./Core/Src/main.o
 .debug_aranges
                0x00000000000000d0       0x70 ./Core/Src/stm32l4xx_hal_msp.o
 .debug_aranges
                0x0000000000000140       0x78 ./Core/Src/stm32l4xx_it.o
 .debug_aranges
                0x00000000000001b8       0x28 ./Core/Src/system_stm32l4xx.o
 .debug_aranges
                0x00000000000001e0       0x28 ./Core/Startup/startup_stm32l475vgtx.o
 .debug_aranges
                0x0000000000000208      0x130 ./Drivers/STM32L4xx_HAL_Driver/Src/stm32l4xx_hal.o
 .debug_aranges
                0x0000000000000338      0x118 ./Drivers/STM32L4xx_HAL_Driver/Src/stm32l4xx_hal_cortex.o
 .debug_aranges
                0x0000000000000450      0x248 ./Drivers/STM32L4xx_HAL_Driver/Src/stm32l4xx_hal_dfsdm.o
 .debug_aranges
                0x0000000000000698       0x58 ./Drivers/STM32L4xx_HAL_Driver/Src/stm32l4xx_hal_gpio.o
 .debug_aranges
                0x00000000000006f0      0x2a0 ./Drivers/STM32L4xx_HAL_Driver/Src/stm32l4xx_hal_i2c.o
 .debug_aranges
                0x0000000000000990       0x48 ./Drivers/STM32L4xx_HAL_Driver/Src/stm32l4xx_hal_i2c_ex.o
 .debug_aranges
                0x00000000000009d8      0x138 ./Drivers/STM32L4xx_HAL_Driver/Src/stm32l4xx_hal_pcd.o
 .debug_aranges
                0x0000000000000b10       0x60 ./Drivers/STM32L4xx_HAL_Driver/Src/stm32l4xx_hal_pcd_ex.o
 .debug_aranges
                0x0000000000000b70       0x98 ./Drivers/STM32L4xx_HAL_Driver/Src/stm32l4xx_hal_pwr.o
 .debug_aranges
                0x0000000000000c08      0x150 ./Drivers/STM32L4xx_HAL_Driver/Src/stm32l4xx_hal_pwr_ex.o
 .debug_aranges
                0x0000000000000d58      0x160 ./Drivers/STM32L4xx_HAL_Driver/Src/stm32l4xx_hal_qspi.o
 .debug_aranges
                0x0000000000000eb8       0x90 ./Drivers/STM32L4xx_HAL_Driver/Src/stm32l4xx_hal_rcc.o
 .debug_aranges
                0x0000000000000f48       0xc0 ./Drivers/STM32L4xx_HAL_Driver/Src/stm32l4xx_hal_rcc_ex.o
 .debug_aranges
                0x0000000000001008      0x1d8 ./Drivers/STM32L4xx_HAL_Driver/Src/stm32l4xx_hal_spi.o
 .debug_aranges
                0x00000000000011e0      0x228 ./Drivers/STM32L4xx_HAL_Driver/Src/stm32l4xx_hal_uart.o
 .debug_aranges
                0x0000000000001408      0x1a0 ./Drivers/STM32L4xx_HAL_Driver/Src/stm32l4xx_ll_usb.o
 .debug_aranges
                0x00000000000015a8       0x80 ./Middlewares/ST/STM32_USB_Device_Library/Class/CustomHID/Src/usbd_customhid.o
 .debug_aranges
                0x0000000000001628       0xd8 ./Middlewares/ST/STM32_USB_Device_Library/Core/Src/usbd_core.o
 .debug_aranges
                0x0000000000001700       0x90 ./Middlewares/ST/STM32_USB_Device_Library/Core/Src/usbd_ctlreq.o
 .debug_aranges
                0x0000000000001790       0x50 ./Middlewares/ST/STM32_USB_Device_Library/Core/Src/usbd_ioreq.o
 .debug_aranges
                0x00000000000017e0       0x20 ./USB_DEVICE/App/usb_device.o
 .debug_aranges
                0x0000000000001800       0x38 ./USB_DEVICE/App/usbd_custom_hid_if.o
 .debug_aranges
                0x0000000000001838       0x68 ./USB_DEVICE/App/usbd_desc.o
 .debug_aranges
                0x00000000000018a0      0x118 ./USB_DEVICE/Target/usbd_conf.o

.debug_rnglists
                0x0000000000000000     0x13c6
 .debug_rnglists
                0x0000000000000000       0x4e ./Core/Src/hd44780.o
 .debug_rnglists
                0x000000000000004e       0x4c ./Core/Src/main.o
 .debug_rnglists
                0x000000000000009a       0x54 ./Core/Src/stm32l4xx_hal_msp.o
 .debug_rnglists
                0x00000000000000ee       0x55 ./Core/Src/stm32l4xx_it.o
 .debug_rnglists
                0x0000000000000143       0x1a ./Core/Src/system_stm32l4xx.o
 .debug_rnglists
                0x000000000000015d       0x19 ./Core/Startup/startup_stm32l475vgtx.o
 .debug_rnglists
                0x0000000000000176       0xdf ./Drivers/STM32L4xx_HAL_Driver/Src/stm32l4xx_hal.o
 .debug_rnglists
                0x0000000000000255       0xce ./Drivers/STM32L4xx_HAL_Driver/Src/stm32l4xx_hal_cortex.o
 .debug_rnglists
                0x0000000000000323      0x1c7 ./Drivers/STM32L4xx_HAL_Driver/Src/stm32l4xx_hal_dfsdm.o
 .debug_rnglists
                0x00000000000004ea       0x3f ./Drivers/STM32L4xx_HAL_Driver/Src/stm32l4xx_hal_gpio.o
 .debug_rnglists
                0x0000000000000529      0x228 ./Drivers/STM32L4xx_HAL_Driver/Src/stm32l4xx_hal_i2c.o
 .debug_rnglists
                0x0000000000000751       0x35 ./Drivers/STM32L4xx_HAL_Driver/Src/stm32l4xx_hal_i2c_ex.o
 .debug_rnglists
                0x0000000000000786       0xed ./Drivers/STM32L4xx_HAL_Driver/Src/stm32l4xx_hal_pcd.o
 .debug_rnglists
                0x0000000000000873       0x45 ./Drivers/STM32L4xx_HAL_Driver/Src/stm32l4xx_hal_pcd_ex.o
 .debug_rnglists
                0x00000000000008b8       0x6e ./Drivers/STM32L4xx_HAL_Driver/Src/stm32l4xx_hal_pwr.o
 .debug_rnglists
                0x0000000000000926       0xfd ./Drivers/STM32L4xx_HAL_Driver/Src/stm32l4xx_hal_pwr_ex.o
 .debug_rnglists
                0x0000000000000a23      0x113 ./Drivers/STM32L4xx_HAL_Driver/Src/stm32l4xx_hal_qspi.o
 .debug_rnglists
                0x0000000000000b36       0x6d ./Drivers/STM32L4xx_HAL_Driver/Src/stm32l4xx_hal_rcc.o
 .debug_rnglists
                0x0000000000000ba3       0x95 ./Drivers/STM32L4xx_HAL_Driver/Src/stm32l4xx_hal_rcc_ex.o
 .debug_rnglists
                0x0000000000000c38      0x178 ./Drivers/STM32L4xx_HAL_Driver/Src/stm32l4xx_hal_spi.o
 .debug_rnglists
                0x0000000000000db0      0x1db ./Drivers/STM32L4xx_HAL_Driver/Src/stm32l4xx_hal_uart.o
 .debug_rnglists
                0x0000000000000f8b      0x146 ./Drivers/STM32L4xx_HAL_Driver/Src/stm32l4xx_ll_usb.o
 .debug_rnglists
                0x00000000000010d1       0x5e ./Middlewares/ST/STM32_USB_Device_Library/Class/CustomHID/Src/usbd_customhid.o
 .debug_rnglists
                0x000000000000112f       0xa1 ./Middlewares/ST/STM32_USB_Device_Library/Core/Src/usbd_core.o
 .debug_rnglists
                0x00000000000011d0       0x6e ./Middlewares/ST/STM32_USB_Device_Library/Core/Src/usbd_ctlreq.o
 .debug_rnglists
                0x000000000000123e       0x37 ./Middlewares/ST/STM32_USB_Device_Library/Core/Src/usbd_ioreq.o
 .debug_rnglists
                0x0000000000001275       0x13 ./USB_DEVICE/App/usb_device.o
 .debug_rnglists
                0x0000000000001288       0x25 ./USB_DEVICE/App/usbd_custom_hid_if.o
 .debug_rnglists
                0x00000000000012ad       0x49 ./USB_DEVICE/App/usbd_desc.o
 .debug_rnglists
                0x00000000000012f6       0xd0 ./USB_DEVICE/Target/usbd_conf.o

.debug_macro    0x0000000000000000    0x2a920
 .debug_macro   0x0000000000000000      0x26d ./Core/Src/hd44780.o
 .debug_macro   0x000000000000026d      0xaa8 ./Core/Src/hd44780.o
 .debug_macro   0x0000000000000d15       0x22 ./Core/Src/hd44780.o
 .debug_macro   0x0000000000000d37       0x8e ./Core/Src/hd44780.o
 .debug_macro   0x0000000000000dc5       0x51 ./Core/Src/hd44780.o
 .debug_macro   0x0000000000000e16      0x103 ./Core/Src/hd44780.o
 .debug_macro   0x0000000000000f19       0x6a ./Core/Src/hd44780.o
 .debug_macro   0x0000000000000f83      0x1df ./Core/Src/hd44780.o
 .debug_macro   0x0000000000001162      0x1bf ./Core/Src/hd44780.o
 .debug_macro   0x0000000000001321       0x2e ./Core/Src/hd44780.o
 .debug_macro   0x000000000000134f       0x28 ./Core/Src/hd44780.o
 .debug_macro   0x0000000000001377       0x1c ./Core/Src/hd44780.o
 .debug_macro   0x0000000000001393       0x22 ./Core/Src/hd44780.o
 .debug_macro   0x00000000000013b5       0xfb ./Core/Src/hd44780.o
 .debug_macro   0x00000000000014b0     0x1011 ./Core/Src/hd44780.o
 .debug_macro   0x00000000000024c1      0x11f ./Core/Src/hd44780.o
 .debug_macro   0x00000000000025e0    0x19dc7 ./Core/Src/hd44780.o
 .debug_macro   0x000000000001c3a7       0x6d ./Core/Src/hd44780.o
 .debug_macro   0x000000000001c414     0x38e6 ./Core/Src/hd44780.o
 .debug_macro   0x000000000001fcfa      0x174 ./Core/Src/hd44780.o
 .debug_macro   0x000000000001fe6e       0x5c ./Core/Src/hd44780.o
 .debug_macro   0x000000000001feca     0x1558 ./Core/Src/hd44780.o
 .debug_macro   0x0000000000021422      0x5a5 ./Core/Src/hd44780.o
 .debug_macro   0x00000000000219c7      0x1b9 ./Core/Src/hd44780.o
 .debug_macro   0x0000000000021b80      0x17d ./Core/Src/hd44780.o
 .debug_macro   0x0000000000021cfd      0x26b ./Core/Src/hd44780.o
 .debug_macro   0x0000000000021f68      0x29c ./Core/Src/hd44780.o
 .debug_macro   0x0000000000022204      0x23d ./Core/Src/hd44780.o
 .debug_macro   0x0000000000022441      0x241 ./Core/Src/hd44780.o
 .debug_macro   0x0000000000022682      0x37c ./Core/Src/hd44780.o
 .debug_macro   0x00000000000229fe       0xd6 ./Core/Src/hd44780.o
 .debug_macro   0x0000000000022ad4      0x22c ./Core/Src/hd44780.o
 .debug_macro   0x0000000000022d00       0x61 ./Core/Src/hd44780.o
 .debug_macro   0x0000000000022d61       0xa5 ./Core/Src/hd44780.o
 .debug_macro   0x0000000000022e06      0x209 ./Core/Src/hd44780.o
 .debug_macro   0x000000000002300f       0x97 ./Core/Src/hd44780.o
 .debug_macro   0x00000000000230a6      0x122 ./Core/Src/hd44780.o
 .debug_macro   0x00000000000231c8      0x3e8 ./Core/Src/hd44780.o
 .debug_macro   0x00000000000235b0      0x2a3 ./Core/Src/hd44780.o
 .debug_macro   0x0000000000023853      0x2fe ./Core/Src/hd44780.o
 .debug_macro   0x0000000000023b51      0x5cf ./Core/Src/hd44780.o
 .debug_macro   0x0000000000024120       0x44 ./Core/Src/hd44780.o
 .debug_macro   0x0000000000024164      0x330 ./Core/Src/hd44780.o
 .debug_macro   0x0000000000024494      0x443 ./Core/Src/hd44780.o
 .debug_macro   0x00000000000248d7      0x38f ./Core/Src/main.o
 .debug_macro   0x0000000000024c66       0x61 ./Core/Src/main.o