../Core/Src/main.c:71:1:__io_putchar	16	static
../Core/Src/main.c:95:6:ini_lcd	8	static
../Core/Src/main.c:100:9:getButton	24	static
../Core/Src/main.c:131:5:main	112	static
../Core/Src/main.c:212:6:SystemClock_Config	96	static
../Core/Src/main.c:272:6:PeriphCommonClock_Config	144	static
../Core/Src/main.c:299:13:MX_ADC1_Init	48	static
../Core/Src/main.c:366:13:MX_DFSDM1_Init	8	static
../Core/Src/main.c:404:13:MX_I2C2_Init	8	static
../Core/Src/main.c:452:13:MX_QUADSPI_Init	8	static
../Core/Src/main.c:485:13:MX_SPI3_Init	8	static
../Core/Src/main.c:525:13:MX_USART1_UART_Init	8	static
../Core/Src/main.c:560:13:MX_USART3_UART_Init	8	static
../Core/Src/main.c:595:13:MX_USB_OTG_FS_PCD_Init	8	static
../Core/Src/main.c:630:13:MX_GPIO_Init	48	static
../Core/Src/main.c:799:6:Error_Handler	4	static,ignoring_inline_asm
