../Core/Src/main.c:74:6:ini_acelerometro	32	static
../Core/Src/main.c:87:9:readAccel	40	static
../Core/Src/main.c:94:9:convert	16	static
../Core/Src/main.c:98:9:convert2	16	static
../Core/Src/main.c:108:5:main	16	static
../Core/Src/main.c:158:6:SystemClock_Config	96	static
../Core/Src/main.c:216:13:MX_DFSDM1_Init	8	static
../Core/Src/main.c:253:13:MX_I2C2_Init	8	static
../Core/Src/main.c:297:13:MX_QUADSPI_Init	8	static
../Core/Src/main.c:328:13:MX_SPI3_Init	8	static
../Core/Src/main.c:366:13:MX_USART1_UART_Init	8	static
../Core/Src/main.c:399:13:MX_USART3_UART_Init	8	static
../Core/Src/main.c:432:13:MX_GPIO_Init	48	static
../Core/Src/main.c:639:6:Error_Handler	4	static,ignoring_inline_asm
