../Core/Src/main.c:88:5:main	32	static
../Core/Src/main.c:170:6:SystemClock_Config	96	static
../Core/Src/main.c:231:13:MX_DFSDM1_Init	8	static
../Core/Src/main.c:269:13:MX_I2C2_Init	8	static
../Core/Src/main.c:317:13:MX_QUADSPI_Init	8	static
../Core/Src/main.c:350:13:MX_SPI3_Init	8	static
../Core/Src/main.c:390:13:MX_TIM2_Init	48	static
../Core/Src/main.c:439:13:MX_USART1_UART_Init	8	static
../Core/Src/main.c:474:13:MX_USART3_UART_Init	8	static
../Core/Src/main.c:509:13:MX_GPIO_Init	48	static
../Core/Src/main.c:686:6:Error_Handler	4	static,ignoring_inline_asm
