../Core/Src/main.c:80:6:ini_acelerometro	32	static
../Core/Src/main.c:93:9:readAccel	40	static
../Core/Src/main.c:106:5:main	32	static
../Core/Src/main.c:186:6:SystemClock_Config	96	static
../Core/Src/main.c:247:13:MX_DFSDM1_Init	8	static
../Core/Src/main.c:285:13:MX_I2C2_Init	8	static
../Core/Src/main.c:333:13:MX_QUADSPI_Init	8	static
../Core/Src/main.c:366:13:MX_SPI3_Init	8	static
../Core/Src/main.c:406:13:MX_TIM2_Init	48	static
../Core/Src/main.c:455:13:MX_USART1_UART_Init	8	static
../Core/Src/main.c:490:13:MX_USART3_UART_Init	8	static
../Core/Src/main.c:525:13:MX_GPIO_Init	48	static
../Core/Src/main.c:702:6:Error_Handler	4	static,ignoring_inline_asm
