../Core/Src/main.c:83:5:main	8	static
../Core/Src/main.c:170:6:SystemClock_Config	96	static
../Core/Src/main.c:231:13:MX_DFSDM1_Init	8	static
../Core/Src/main.c:269:13:MX_I2C2_Init	8	static
../Core/Src/main.c:317:13:MX_QUADSPI_Init	8	static
../Core/Src/main.c:350:13:MX_SPI3_Init	8	static
../Core/Src/main.c:390:13:MX_USART1_UART_Init	8	static
../Core/Src/main.c:425:13:MX_USART3_UART_Init	8	static
../Core/Src/main.c:460:13:MX_USB_OTG_FS_PCD_Init	8	static
../Core/Src/main.c:495:13:MX_GPIO_Init	48	static
../Core/Src/main.c:665:6:HAL_GPIO_EXTI_Callback	16	static
../Core/Src/main.c:674:6:Error_Handler	4	static,ignoring_inline_asm
