08:57:03 **** Incremental Build of configuration Debug for project Practica7_Fase3 ****
make -j12 all 
arm-none-eabi-gcc "../Core/Src/main.c" -mcpu=cortex-m4 -std=gnu11 -g3 -DDEBUG -DUSE_HAL_DRIVER -DSTM32L475xx -c -I../Core/Inc -I../Drivers/STM32L4xx_HAL_Driver/Inc -I../Drivers/STM32L4xx_HAL_Driver/Inc/Legacy -I../Drivers/CMSIS/Device/ST/STM32L4xx/Include -I../Drivers/CMSIS/Include -I../Middlewares/Third_Party/FreeRTOS/Source/include -I../Middlewares/Third_Party/FreeRTOS/Source/CMSIS_RTOS_V2 -I../Middlewares/Third_Party/FreeRTOS/Source/portable/GCC/ARM_CM4F -O0 -ffunction-sections -fdata-sections -Wall -fstack-usage -fcyclomatic-complexity -MMD -MP -MF"Core/Src/main.d" -MT"Core/Src/main.o" --specs=nano.specs -mfpu=fpv4-sp-d16 -mfloat-abi=hard -mthumb -o "Core/Src/main.o"
arm-none-eabi-gcc -o "Practica7_Fase3.elf" @"objects.list"   -mcpu=cortex-m4 -T"C:\Users\jesus\Documents\SETR1ws\Practicas-SETR1\Practica7_Fase3\STM32L475VGTX_FLASH.ld" --specs=nosys.specs -Wl,-Map="Practica7_Fase3.map" -Wl,--gc-sections -static --specs=nano.specs -mfpu=fpv4-sp-d16 -mfloat-abi=hard -mthumb -Wl,--start-group -lc -lm -Wl,--end-group
Finished building target: Practica7_Fase3.elf
 
arm-none-eabi-size   Practica7_Fase3.elf 
arm-none-eabi-objdump -h -S  Practica7_Fase3.elf  > "Practica7_Fase3.list"
   text	   data	    bss	    dec	    hex	filename
  34956	     24	  36928	  71908	  118e4	Practica7_Fase3.elf
Finished building: default.size.stdout
 
Finished building: Practica7_Fase3.list
 

08:57:06 Build Finished. 0 errors, 0 warnings. (took 2s.494ms)

