../Core/Src/stm32l4xx_hal_msp.c:64:6:HAL_MspInit	16	static
../Core/Src/stm32l4xx_hal_msp.c:88:6:HAL_ADC_MspInit	48	static
../Core/Src/stm32l4xx_hal_msp.c:127:6:HAL_ADC_MspDeInit	16	static
../Core/Src/stm32l4xx_hal_msp.c:161:6:HAL_DAC_MspInit	48	static
../Core/Src/stm32l4xx_hal_msp.c:194:6:HAL_DAC_MspDeInit	16	static
../Core/Src/stm32l4xx_hal_msp.c:223:6:HAL_DFSDM_ChannelMspInit	184	static
../Core/Src/stm32l4xx_hal_msp.c:271:6:HAL_DFSDM_ChannelMspDeInit	16	static
../Core/Src/stm32l4xx_hal_msp.c:301:6:HAL_I2C_MspInit	184	static
../Core/Src/stm32l4xx_hal_msp.c:347:6:HAL_I2C_MspDeInit	16	static
../Core/Src/stm32l4xx_hal_msp.c:378:6:HAL_QSPI_MspInit	48	static
../Core/Src/stm32l4xx_hal_msp.c:419:6:HAL_QSPI_MspDeInit	16	static
../Core/Src/stm32l4xx_hal_msp.c:453:6:HAL_SPI_MspInit	48	static
../Core/Src/stm32l4xx_hal_msp.c:490:6:HAL_SPI_MspDeInit	16	static
../Core/Src/stm32l4xx_hal_msp.c:520:6:HAL_TIM_Base_MspInit	24	static
../Core/Src/stm32l4xx_hal_msp.c:545:6:HAL_TIM_Base_MspDeInit	16	static
../Core/Src/stm32l4xx_hal_msp.c:570:6:HAL_UART_MspInit	192	static
../Core/Src/stm32l4xx_hal_msp.c:651:6:HAL_UART_MspDeInit	16	static
